12:18:47 **** Incremental Build of configuration Debug for project uart0_rangefinder ****
make pre-build main-build 
a9-linaro-pre-build-step
' '
'Building file: ../src/helloworld.c'
'Invoking: ARM v7 gcc compiler'
arm-none-eabi-gcc -Wall -O0 -g3 -c -fmessage-length=0 -MT"src/helloworld.o" -mcpu=cortex-a9 -mfpu=vfpv3 -mfloat-abi=hard -I../../uart0_rangefinder_bsp/ps7_cortexa9_0/include -MMD -MP -MF"src/helloworld.d" -MT"src/helloworld.o" -o "src/helloworld.o" "../src/helloworld.c"
../src/helloworld.c:69:26: error: unknown type name 'u16'
 int IicPsSelfTestExample(u16 DeviceId);
                          ^
../src/helloworld.c:73:1: error: unknown type name 'XIicPs'
 XIicPs Iic;   /* Instance of the IIC Device */
 ^
../src/helloworld.c: In function 'main':
../src/helloworld.c:96:2: warning: implicit declaration of function 'IicPsSelfTestExample' [-Wimplicit-function-declaration]
  Status = IicPsSelfTestExample(IIC_DEVICE_ID);
  ^
../src/helloworld.c:62:24: error: 'XPAR_XIICPS_0_DEVICE_ID' undeclared (first use in this function)
 #define IIC_DEVICE_ID  XPAR_XIICPS_0_DEVICE_ID
                        ^
../src/helloworld.c:96:32: note: in expansion of macro 'IIC_DEVICE_ID'
  Status = IicPsSelfTestExample(IIC_DEVICE_ID);
                                ^
../src/helloworld.c:62:24: note: each undeclared identifier is reported only once for each function it appears in
 #define IIC_DEVICE_ID  XPAR_XIICPS_0_DEVICE_ID
                        ^
../src/helloworld.c:96:32: note: in expansion of macro 'IIC_DEVICE_ID'
  Status = IicPsSelfTestExample(IIC_DEVICE_ID);
                                ^
../src/helloworld.c:97:16: error: 'XST_SUCCESS' undeclared (first use in this function)
  if (Status != XST_SUCCESS) {
                ^
../src/helloworld.c:98:3: warning: implicit declaration of function 'xil_printf' [-Wimplicit-function-declaration]
   xil_printf("IIC Self Test Failed\r\n");
   ^
../src/helloworld.c:99:10: error: 'XST_FAILURE' undeclared (first use in this function)
   return XST_FAILURE;
          ^
../src/helloworld.c:130:5: warning: implicit declaration of function 'print' [-Wimplicit-function-declaration]
     print("L0\n");
     ^
../src/helloworld.c:198:6: warning: implicit declaration of function 'inbyte' [-Wimplicit-function-declaration]
      echo[rx_index] = inbyte(); // blocking - inbyte is polled
      ^
../src/helloworld.c: At top level:
../src/helloworld.c:308:26: error: unknown type name 'u16'
 int IicPsSelfTestExample(u16 DeviceId)
                          ^
make: *** [src/helloworld.o] Error 1
12:22:26 **** Auto Build of configuration Debug for project uart0_rangefinder ****
make pre-build main-build 
a9-linaro-pre-build-step
' '
'Building file: ../src/helloworld.c'
'Invoking: ARM v7 gcc compiler'
arm-none-eabi-gcc -Wall -O0 -g3 -c -fmessage-length=0 -MT"src/helloworld.o" -mcpu=cortex-a9 -mfpu=vfpv3 -mfloat-abi=hard -I../../uart0_rangefinder_bsp/ps7_cortexa9_0/include -MMD -MP -MF"src/helloworld.d" -MT"src/helloworld.o" -o "src/helloworld.o" "../src/helloworld.c"
../src/helloworld.c: In function 'main':
../src/helloworld.c:130:5: warning: implicit declaration of function 'print' [-Wimplicit-function-declaration]
     print("L0\n");
     ^
../src/helloworld.c:198:6: warning: implicit declaration of function 'inbyte' [-Wimplicit-function-declaration]
      echo[rx_index] = inbyte(); // blocking - inbyte is polled
      ^
../src/helloworld.c:231:5: warning: implicit declaration of function 'xil_printf' [-Wimplicit-function-declaration]
     xil_printf("sending data\n");
     ^
../src/helloworld.c:88:6: warning: unused variable 'Status' [-Wunused-variable]
  int Status;
      ^
'Finished building: ../src/helloworld.c'
' '
'Building file: ../src/platform.c'
'Invoking: ARM v7 gcc compiler'
arm-none-eabi-gcc -Wall -O0 -g3 -c -fmessage-length=0 -MT"src/platform.o" -mcpu=cortex-a9 -mfpu=vfpv3 -mfloat-abi=hard -I../../uart0_rangefinder_bsp/ps7_cortexa9_0/include -MMD -MP -MF"src/platform.d" -MT"src/platform.o" -o "src/platform.o" "../src/platform.c"
In file included from ../src/platform.c:33:0:
../../uart0_rangefinder_bsp/ps7_cortexa9_0/include/xparameters.h:16:28: fatal error: xparameters_ps.h: No such file or directory
 #include "xparameters_ps.h"
                            ^
compilation terminated.
make: *** [src/platform.o] Error 1
12:30:51 **** Auto Build of project uart0_rangefinder_bsp ****
make -k all 
"Running Make include in ps7_cortexa9_0/libsrc/coresightps_dcc_v1_2/src"
make -C ps7_cortexa9_0/libsrc/coresightps_dcc_v1_2/src -s include  "SHELL=CMD" "COMPILER=arm-none-eabi-gcc" "ARCHIVER=arm-none-eabi-ar" "COMPILER_FLAGS=  -O2 -c" "EXTRA_COMPILER_FLAGS=-mcpu=cortex-a9 -mfpu=vfpv3 -mfloat-abi=hard -nostartfiles"
"Running Make include in ps7_cortexa9_0/libsrc/cpu_cortexa9_v2_2/src"
make -C ps7_cortexa9_0/libsrc/cpu_cortexa9_v2_2/src -s include  "SHELL=CMD" "COMPILER=arm-none-eabi-gcc" "ARCHIVER=arm-none-eabi-ar" "COMPILER_FLAGS=  -O2 -c" "EXTRA_COMPILER_FLAGS=-mcpu=cortex-a9 -mfpu=vfpv3 -mfloat-abi=hard -nostartfiles"
"Running Make include in ps7_cortexa9_0/libsrc/ddrps_v1_0/src"
make -C ps7_cortexa9_0/libsrc/ddrps_v1_0/src -s include  "SHELL=CMD" "COMPILER=arm-none-eabi-gcc" "ARCHIVER=arm-none-eabi-ar" "COMPILER_FLAGS=  -O2 -c" "EXTRA_COMPILER_FLAGS=-mcpu=cortex-a9 -mfpu=vfpv3 -mfloat-abi=hard -nostartfiles"
"Running Make include in ps7_cortexa9_0/libsrc/devcfg_v3_4/src"
make -C ps7_cortexa9_0/libsrc/devcfg_v3_4/src -s include  "SHELL=CMD" "COMPILER=arm-none-eabi-gcc" "ARCHIVER=arm-none-eabi-ar" "COMPILER_FLAGS=  -O2 -c" "EXTRA_COMPILER_FLAGS=-mcpu=cortex-a9 -mfpu=vfpv3 -mfloat-abi=hard -nostartfiles"
"Running Make include in ps7_cortexa9_0/libsrc/dmaps_v2_1/src"
make -C ps7_cortexa9_0/libsrc/dmaps_v2_1/src -s include  "SHELL=CMD" "COMPILER=arm-none-eabi-gcc" "ARCHIVER=arm-none-eabi-ar" "COMPILER_FLAGS=  -O2 -c" "EXTRA_COMPILER_FLAGS=-mcpu=cortex-a9 -mfpu=vfpv3 -mfloat-abi=hard -nostartfiles"
"Running Make include in ps7_cortexa9_0/libsrc/emacps_v3_2/src"
make -C ps7_cortexa9_0/libsrc/emacps_v3_2/src -s include  "SHELL=CMD" "COMPILER=arm-none-eabi-gcc" "ARCHIVER=arm-none-eabi-ar" "COMPILER_FLAGS=  -O2 -c" "EXTRA_COMPILER_FLAGS=-mcpu=cortex-a9 -mfpu=vfpv3 -mfloat-abi=hard -nostartfiles"
"Running Make include in ps7_cortexa9_0/libsrc/gpiops_v3_1/src"
make -C ps7_cortexa9_0/libsrc/gpiops_v3_1/src -s include  "SHELL=CMD" "COMPILER=arm-none-eabi-gcc" "ARCHIVER=arm-none-eabi-ar" "COMPILER_FLAGS=  -O2 -c" "EXTRA_COMPILER_FLAGS=-mcpu=cortex-a9 -mfpu=vfpv3 -mfloat-abi=hard -nostartfiles"
"Running Make include in ps7_cortexa9_0/libsrc/iicps_v3_2/src"
make -C ps7_cortexa9_0/libsrc/iicps_v3_2/src -s include  "SHELL=CMD" "COMPILER=arm-none-eabi-gcc" "ARCHIVER=arm-none-eabi-ar" "COMPILER_FLAGS=  -O2 -c" "EXTRA_COMPILER_FLAGS=-mcpu=cortex-a9 -mfpu=vfpv3 -mfloat-abi=hard -nostartfiles"
"Running Make include in ps7_cortexa9_0/libsrc/qspips_v3_3/src"
make -C ps7_cortexa9_0/libsrc/qspips_v3_3/src -s include  "SHELL=CMD" "COMPILER=arm-none-eabi-gcc" "ARCHIVER=arm-none-eabi-ar" "COMPILER_FLAGS=  -O2 -c" "EXTRA_COMPILER_FLAGS=-mcpu=cortex-a9 -mfpu=vfpv3 -mfloat-abi=hard -nostartfiles"
"Running Make include in ps7_cortexa9_0/libsrc/scugic_v3_3/src"
make -C ps7_cortexa9_0/libsrc/scugic_v3_3/src -s include  "SHELL=CMD" "COMPILER=arm-none-eabi-gcc" "ARCHIVER=arm-none-eabi-ar" "COMPILER_FLAGS=  -O2 -c" "EXTRA_COMPILER_FLAGS=-mcpu=cortex-a9 -mfpu=vfpv3 -mfloat-abi=hard -nostartfiles"
"Running Make include in ps7_cortexa9_0/libsrc/scutimer_v2_1/src"
make -C ps7_cortexa9_0/libsrc/scutimer_v2_1/src -s include  "SHELL=CMD" "COMPILER=arm-none-eabi-gcc" "ARCHIVER=arm-none-eabi-ar" "COMPILER_FLAGS=  -O2 -c" "EXTRA_COMPILER_FLAGS=-mcpu=cortex-a9 -mfpu=vfpv3 -mfloat-abi=hard -nostartfiles"
"Running Make include in ps7_cortexa9_0/libsrc/scuwdt_v2_1/src"
make -C ps7_cortexa9_0/libsrc/scuwdt_v2_1/src -s include  "SHELL=CMD" "COMPILER=arm-none-eabi-gcc" "ARCHIVER=arm-none-eabi-ar" "COMPILER_FLAGS=  -O2 -c" "EXTRA_COMPILER_FLAGS=-mcpu=cortex-a9 -mfpu=vfpv3 -mfloat-abi=hard -nostartfiles"
"Running Make include in ps7_cortexa9_0/libsrc/sdps_v2_8/src"
make -C ps7_cortexa9_0/libsrc/sdps_v2_8/src -s include  "SHELL=CMD" "COMPILER=arm-none-eabi-gcc" "ARCHIVER=arm-none-eabi-ar" "COMPILER_FLAGS=  -O2 -c" "EXTRA_COMPILER_FLAGS=-mcpu=cortex-a9 -mfpu=vfpv3 -mfloat-abi=hard -nostartfiles"
"Running Make include in ps7_cortexa9_0/libsrc/standalone_v5_5/src"
make -C ps7_cortexa9_0/libsrc/standalone_v5_5/src -s include  "SHELL=CMD" "COMPILER=arm-none-eabi-gcc" "ARCHIVER=arm-none-eabi-ar" "COMPILER_FLAGS=  -O2 -c" "EXTRA_COMPILER_FLAGS=-mcpu=cortex-a9 -mfpu=vfpv3 -mfloat-abi=hard -nostartfiles"
"Running Make include in ps7_cortexa9_0/libsrc/ttcps_v3_1/src"
make -C ps7_cortexa9_0/libsrc/ttcps_v3_1/src -s include  "SHELL=CMD" "COMPILER=arm-none-eabi-gcc" "ARCHIVER=arm-none-eabi-ar" "COMPILER_FLAGS=  -O2 -c" "EXTRA_COMPILER_FLAGS=-mcpu=cortex-a9 -mfpu=vfpv3 -mfloat-abi=hard -nostartfiles"
"Running Make include in ps7_cortexa9_0/libsrc/uartps_v3_1/src"
make -C ps7_cortexa9_0/libsrc/uartps_v3_1/src -s include  "SHELL=CMD" "COMPILER=arm-none-eabi-gcc" "ARCHIVER=arm-none-eabi-ar" "COMPILER_FLAGS=  -O2 -c" "EXTRA_COMPILER_FLAGS=-mcpu=cortex-a9 -mfpu=vfpv3 -mfloat-abi=hard -nostartfiles"
"Running Make include in ps7_cortexa9_0/libsrc/usbps_v2_4/src"
make -C ps7_cortexa9_0/libsrc/usbps_v2_4/src -s include  "SHELL=CMD" "COMPILER=arm-none-eabi-gcc" "ARCHIVER=arm-none-eabi-ar" "COMPILER_FLAGS=  -O2 -c" "EXTRA_COMPILER_FLAGS=-mcpu=cortex-a9 -mfpu=vfpv3 -mfloat-abi=hard -nostartfiles"
"Running Make include in ps7_cortexa9_0/libsrc/xadcps_v2_2/src"
make -C ps7_cortexa9_0/libsrc/xadcps_v2_2/src -s include  "SHELL=CMD" "COMPILER=arm-none-eabi-gcc" "ARCHIVER=arm-none-eabi-ar" "COMPILER_FLAGS=  -O2 -c" "EXTRA_COMPILER_FLAGS=-mcpu=cortex-a9 -mfpu=vfpv3 -mfloat-abi=hard -nostartfiles"
"Running Make libs in ps7_cortexa9_0/libsrc/coresightps_dcc_v1_2/src"
make -C ps7_cortexa9_0/libsrc/coresightps_dcc_v1_2/src -s libs  "SHELL=CMD" "COMPILER=arm-none-eabi-gcc" "ARCHIVER=arm-none-eabi-ar" "COMPILER_FLAGS=  -O2 -c" "EXTRA_COMPILER_FLAGS=-mcpu=cortex-a9 -mfpu=vfpv3 -mfloat-abi=hard -nostartfiles"
"Compiling coresightps_dcc"
arm-none-eabi-ar: creating ../../../lib/libxil.a
"Running Make libs in ps7_cortexa9_0/libsrc/cpu_cortexa9_v2_2/src"
make -C ps7_cortexa9_0/libsrc/cpu_cortexa9_v2_2/src -s libs  "SHELL=CMD" "COMPILER=arm-none-eabi-gcc" "ARCHIVER=arm-none-eabi-ar" "COMPILER_FLAGS=  -O2 -c" "EXTRA_COMPILER_FLAGS=-mcpu=cortex-a9 -mfpu=vfpv3 -mfloat-abi=hard -nostartfiles"
"Compiling cpu_cortexa9"
"Running Make libs in ps7_cortexa9_0/libsrc/ddrps_v1_0/src"
make -C ps7_cortexa9_0/libsrc/ddrps_v1_0/src -s libs  "SHELL=CMD" "COMPILER=arm-none-eabi-gcc" "ARCHIVER=arm-none-eabi-ar" "COMPILER_FLAGS=  -O2 -c" "EXTRA_COMPILER_FLAGS=-mcpu=cortex-a9 -mfpu=vfpv3 -mfloat-abi=hard -nostartfiles"
"Compiling ddrps"
"Running Make libs in ps7_cortexa9_0/libsrc/devcfg_v3_4/src"
make -C ps7_cortexa9_0/libsrc/devcfg_v3_4/src -s libs  "SHELL=CMD" "COMPILER=arm-none-eabi-gcc" "ARCHIVER=arm-none-eabi-ar" "COMPILER_FLAGS=  -O2 -c" "EXTRA_COMPILER_FLAGS=-mcpu=cortex-a9 -mfpu=vfpv3 -mfloat-abi=hard -nostartfiles"
"Compiling devcfg"
"Running Make libs in ps7_cortexa9_0/libsrc/dmaps_v2_1/src"
make -C ps7_cortexa9_0/libsrc/dmaps_v2_1/src -s libs  "SHELL=CMD" "COMPILER=arm-none-eabi-gcc" "ARCHIVER=arm-none-eabi-ar" "COMPILER_FLAGS=  -O2 -c" "EXTRA_COMPILER_FLAGS=-mcpu=cortex-a9 -mfpu=vfpv3 -mfloat-abi=hard -nostartfiles"
"Compiling dmaps"
"Running Make libs in ps7_cortexa9_0/libsrc/emacps_v3_2/src"
make -C ps7_cortexa9_0/libsrc/emacps_v3_2/src -s libs  "SHELL=CMD" "COMPILER=arm-none-eabi-gcc" "ARCHIVER=arm-none-eabi-ar" "COMPILER_FLAGS=  -O2 -c" "EXTRA_COMPILER_FLAGS=-mcpu=cortex-a9 -mfpu=vfpv3 -mfloat-abi=hard -nostartfiles"
"Compiling emacps"
"Running Make libs in ps7_cortexa9_0/libsrc/gpiops_v3_1/src"
make -C ps7_cortexa9_0/libsrc/gpiops_v3_1/src -s libs  "SHELL=CMD" "COMPILER=arm-none-eabi-gcc" "ARCHIVER=arm-none-eabi-ar" "COMPILER_FLAGS=  -O2 -c" "EXTRA_COMPILER_FLAGS=-mcpu=cortex-a9 -mfpu=vfpv3 -mfloat-abi=hard -nostartfiles"
"Compiling gpiops"
"Running Make libs in ps7_cortexa9_0/libsrc/iicps_v3_2/src"
make -C ps7_cortexa9_0/libsrc/iicps_v3_2/src -s libs  "SHELL=CMD" "COMPILER=arm-none-eabi-gcc" "ARCHIVER=arm-none-eabi-ar" "COMPILER_FLAGS=  -O2 -c" "EXTRA_COMPILER_FLAGS=-mcpu=cortex-a9 -mfpu=vfpv3 -mfloat-abi=hard -nostartfiles"
"Compiling iicps"
"Running Make libs in ps7_cortexa9_0/libsrc/qspips_v3_3/src"
make -C ps7_cortexa9_0/libsrc/qspips_v3_3/src -s libs  "SHELL=CMD" "COMPILER=arm-none-eabi-gcc" "ARCHIVER=arm-none-eabi-ar" "COMPILER_FLAGS=  -O2 -c" "EXTRA_COMPILER_FLAGS=-mcpu=cortex-a9 -mfpu=vfpv3 -mfloat-abi=hard -nostartfiles"
"Compiling qspips"
"Running Make libs in ps7_cortexa9_0/libsrc/scugic_v3_3/src"
make -C ps7_cortexa9_0/libsrc/scugic_v3_3/src -s libs  "SHELL=CMD" "COMPILER=arm-none-eabi-gcc" "ARCHIVER=arm-none-eabi-ar" "COMPILER_FLAGS=  -O2 -c" "EXTRA_COMPILER_FLAGS=-mcpu=cortex-a9 -mfpu=vfpv3 -mfloat-abi=hard -nostartfiles"
"Compiling scugic"
"Running Make libs in ps7_cortexa9_0/libsrc/scutimer_v2_1/src"
make -C ps7_cortexa9_0/libsrc/scutimer_v2_1/src -s libs  "SHELL=CMD" "COMPILER=arm-none-eabi-gcc" "ARCHIVER=arm-none-eabi-ar" "COMPILER_FLAGS=  -O2 -c" "EXTRA_COMPILER_FLAGS=-mcpu=cortex-a9 -mfpu=vfpv3 -mfloat-abi=hard -nostartfiles"
"Compiling scutimer"
"Running Make libs in ps7_cortexa9_0/libsrc/scuwdt_v2_1/src"
make -C ps7_cortexa9_0/libsrc/scuwdt_v2_1/src -s libs  "SHELL=CMD" "COMPILER=arm-none-eabi-gcc" "ARCHIVER=arm-none-eabi-ar" "COMPILER_FLAGS=  -O2 -c" "EXTRA_COMPILER_FLAGS=-mcpu=cortex-a9 -mfpu=vfpv3 -mfloat-abi=hard -nostartfiles"
"Compiling scuwdt"
"Running Make libs in ps7_cortexa9_0/libsrc/sdps_v2_8/src"
make -C ps7_cortexa9_0/libsrc/sdps_v2_8/src -s libs  "SHELL=CMD" "COMPILER=arm-none-eabi-gcc" "ARCHIVER=arm-none-eabi-ar" "COMPILER_FLAGS=  -O2 -c" "EXTRA_COMPILER_FLAGS=-mcpu=cortex-a9 -mfpu=vfpv3 -mfloat-abi=hard -nostartfiles"
"Compiling sdps"
"Running Make libs in ps7_cortexa9_0/libsrc/standalone_v5_5/src"
make -C ps7_cortexa9_0/libsrc/standalone_v5_5/src -s libs  "SHELL=CMD" "COMPILER=arm-none-eabi-gcc" "ARCHIVER=arm-none-eabi-ar" "COMPILER_FLAGS=  -O2 -c" "EXTRA_COMPILER_FLAGS=-mcpu=cortex-a9 -mfpu=vfpv3 -mfloat-abi=hard -nostartfiles"
"Compiling standalone"
"Running Make libs in ps7_cortexa9_0/libsrc/ttcps_v3_1/src"
make -C ps7_cortexa9_0/libsrc/ttcps_v3_1/src -s libs  "SHELL=CMD" "COMPILER=arm-none-eabi-gcc" "ARCHIVER=arm-none-eabi-ar" "COMPILER_FLAGS=  -O2 -c" "EXTRA_COMPILER_FLAGS=-mcpu=cortex-a9 -mfpu=vfpv3 -mfloat-abi=hard -nostartfiles"
"Compiling ttcps"
"Running Make libs in ps7_cortexa9_0/libsrc/uartps_v3_1/src"
make -C ps7_cortexa9_0/libsrc/uartps_v3_1/src -s libs  "SHELL=CMD" "COMPILER=arm-none-eabi-gcc" "ARCHIVER=arm-none-eabi-ar" "COMPILER_FLAGS=  -O2 -c" "EXTRA_COMPILER_FLAGS=-mcpu=cortex-a9 -mfpu=vfpv3 -mfloat-abi=hard -nostartfiles"
"Compiling uartps"
"Running Make libs in ps7_cortexa9_0/libsrc/usbps_v2_4/src"
make -C ps7_cortexa9_0/libsrc/usbps_v2_4/src -s libs  "SHELL=CMD" "COMPILER=arm-none-eabi-gcc" "ARCHIVER=arm-none-eabi-ar" "COMPILER_FLAGS=  -O2 -c" "EXTRA_COMPILER_FLAGS=-mcpu=cortex-a9 -mfpu=vfpv3 -mfloat-abi=hard -nostartfiles"
"Compiling usbps"
"Running Make libs in ps7_cortexa9_0/libsrc/xadcps_v2_2/src"
make -C ps7_cortexa9_0/libsrc/xadcps_v2_2/src -s libs  "SHELL=CMD" "COMPILER=arm-none-eabi-gcc" "ARCHIVER=arm-none-eabi-ar" "COMPILER_FLAGS=  -O2 -c" "EXTRA_COMPILER_FLAGS=-mcpu=cortex-a9 -mfpu=vfpv3 -mfloat-abi=hard -nostartfiles"
"Compiling xadcps"
'Finished building libraries'
12:31:24 **** Auto Build of configuration Debug for project uart0_rangefinder ****
make pre-build main-build 
a9-linaro-pre-build-step
' '
'Building file: ../src/platform.c'
'Invoking: ARM v7 gcc compiler'
arm-none-eabi-gcc -Wall -O0 -g3 -c -fmessage-length=0 -MT"src/platform.o" -mcpu=cortex-a9 -mfpu=vfpv3 -mfloat-abi=hard -I../../uart0_rangefinder_bsp/ps7_cortexa9_0/include -MMD -MP -MF"src/platform.d" -MT"src/platform.o" -o "src/platform.o" "../src/platform.c"
'Finished building: ../src/platform.c'
' '
'Building target: uart0_rangefinder.elf'
'Invoking: ARM v7 gcc linker'
arm-none-eabi-gcc -mcpu=cortex-a9 -mfpu=vfpv3 -mfloat-abi=hard -Wl,-build-id=none -specs=Xilinx.spec -Wl,-T -Wl,../src/lscript.ld -L../../uart0_rangefinder_bsp/ps7_cortexa9_0/lib -o "uart0_rangefinder.elf"  ./src/helloworld.o ./src/platform.o   -Wl,--start-group,-lxil,-lgcc,-lc,--end-group
'Finished building target: uart0_rangefinder.elf'
' '
'Invoking: ARM v7 Print Size'
arm-none-eabi-size uart0_rangefinder.elf  |tee "uart0_rangefinder.elf.size"
   text	   data	    bss	    dec	    hex	filename
  77912	   2584	  23340	 103836	  1959c	uart0_rangefinder.elf
'Finished building: uart0_rangefinder.elf.size'
' '
12:36:41 **** Auto Build of configuration Debug for project uart0_rangefinder ****
make pre-build main-build 
a9-linaro-pre-build-step
' '
'Building file: ../src/helloworld.c'
'Invoking: ARM v7 gcc compiler'
arm-none-eabi-gcc -Wall -O0 -g3 -c -fmessage-length=0 -MT"src/helloworld.o" -mcpu=cortex-a9 -mfpu=vfpv3 -mfloat-abi=hard -I../../uart0_rangefinder_bsp/ps7_cortexa9_0/include -MMD -MP -MF"src/helloworld.d" -MT"src/helloworld.o" -o "src/helloworld.o" "../src/helloworld.c"
../src/helloworld.c: In function 'main':
../src/helloworld.c:130:5: warning: implicit declaration of function 'print' [-Wimplicit-function-declaration]
     print("G00076801\n");
     ^
../src/helloworld.c:143:6: warning: implicit declaration of function 'inbyte' [-Wimplicit-function-declaration]
      echo[rx_index] = inbyte(); // blocking - inbyte is polled
      ^
../src/helloworld.c:114:3: warning: enumeration value 'POLL_SEND' not handled in switch [-Wswitch]
   switch(STATE)
   ^
../src/helloworld.c:107:10: warning: variable 'linefeed' set but not used [-Wunused-but-set-variable]
     char linefeed[3];
          ^
../src/helloworld.c:106:10: warning: variable 'data' set but not used [-Wunused-but-set-variable]
     char data[65][24];
          ^
../src/helloworld.c:105:10: warning: variable 'status' set but not used [-Wunused-but-set-variable]
     char status[5];
          ^
../src/helloworld.c:104:10: warning: variable 'echo' set but not used [-Wunused-but-set-variable]
     char echo[10];
          ^
'Finished building: ../src/helloworld.c'
' '
'Building target: uart0_rangefinder.elf'
'Invoking: ARM v7 gcc linker'
arm-none-eabi-gcc -mcpu=cortex-a9 -mfpu=vfpv3 -mfloat-abi=hard -Wl,-build-id=none -specs=Xilinx.spec -Wl,-T -Wl,../src/lscript.ld -L../../uart0_rangefinder_bsp/ps7_cortexa9_0/lib -o "uart0_rangefinder.elf"  ./src/helloworld.o ./src/platform.o   -Wl,--start-group,-lxil,-lgcc,-lc,--end-group
'Finished building target: uart0_rangefinder.elf'
' '
'Invoking: ARM v7 Print Size'
arm-none-eabi-size uart0_rangefinder.elf  |tee "uart0_rangefinder.elf.size"
   text	   data	    bss	    dec	    hex	filename
  23436	   1152	  22580	  47168	   b840	uart0_rangefinder.elf
'Finished building: uart0_rangefinder.elf.size'
' '
11:59:25 **** Build of project uart0_rangefinder_bsp ****
make -k all 
"Running Make include in ps7_cortexa9_0/libsrc/coresightps_dcc_v1_2/src"
make -C ps7_cortexa9_0/libsrc/coresightps_dcc_v1_2/src -s include  "SHELL=CMD" "COMPILER=arm-none-eabi-gcc" "ARCHIVER=arm-none-eabi-ar" "COMPILER_FLAGS=  -O2 -c" "EXTRA_COMPILER_FLAGS=-mcpu=cortex-a9 -mfpu=vfpv3 -mfloat-abi=hard -nostartfiles"
"Running Make include in ps7_cortexa9_0/libsrc/cpu_cortexa9_v2_2/src"
make -C ps7_cortexa9_0/libsrc/cpu_cortexa9_v2_2/src -s include  "SHELL=CMD" "COMPILER=arm-none-eabi-gcc" "ARCHIVER=arm-none-eabi-ar" "COMPILER_FLAGS=  -O2 -c" "EXTRA_COMPILER_FLAGS=-mcpu=cortex-a9 -mfpu=vfpv3 -mfloat-abi=hard -nostartfiles"
"Running Make include in ps7_cortexa9_0/libsrc/ddrps_v1_0/src"
make -C ps7_cortexa9_0/libsrc/ddrps_v1_0/src -s include  "SHELL=CMD" "COMPILER=arm-none-eabi-gcc" "ARCHIVER=arm-none-eabi-ar" "COMPILER_FLAGS=  -O2 -c" "EXTRA_COMPILER_FLAGS=-mcpu=cortex-a9 -mfpu=vfpv3 -mfloat-abi=hard -nostartfiles"
"Running Make include in ps7_cortexa9_0/libsrc/devcfg_v3_4/src"
make -C ps7_cortexa9_0/libsrc/devcfg_v3_4/src -s include  "SHELL=CMD" "COMPILER=arm-none-eabi-gcc" "ARCHIVER=arm-none-eabi-ar" "COMPILER_FLAGS=  -O2 -c" "EXTRA_COMPILER_FLAGS=-mcpu=cortex-a9 -mfpu=vfpv3 -mfloat-abi=hard -nostartfiles"
"Running Make include in ps7_cortexa9_0/libsrc/dmaps_v2_1/src"
make -C ps7_cortexa9_0/libsrc/dmaps_v2_1/src -s include  "SHELL=CMD" "COMPILER=arm-none-eabi-gcc" "ARCHIVER=arm-none-eabi-ar" "COMPILER_FLAGS=  -O2 -c" "EXTRA_COMPILER_FLAGS=-mcpu=cortex-a9 -mfpu=vfpv3 -mfloat-abi=hard -nostartfiles"
"Running Make include in ps7_cortexa9_0/libsrc/emacps_v3_2/src"
make -C ps7_cortexa9_0/libsrc/emacps_v3_2/src -s include  "SHELL=CMD" "COMPILER=arm-none-eabi-gcc" "ARCHIVER=arm-none-eabi-ar" "COMPILER_FLAGS=  -O2 -c" "EXTRA_COMPILER_FLAGS=-mcpu=cortex-a9 -mfpu=vfpv3 -mfloat-abi=hard -nostartfiles"
"Running Make include in ps7_cortexa9_0/libsrc/gpiops_v3_1/src"
make -C ps7_cortexa9_0/libsrc/gpiops_v3_1/src -s include  "SHELL=CMD" "COMPILER=arm-none-eabi-gcc" "ARCHIVER=arm-none-eabi-ar" "COMPILER_FLAGS=  -O2 -c" "EXTRA_COMPILER_FLAGS=-mcpu=cortex-a9 -mfpu=vfpv3 -mfloat-abi=hard -nostartfiles"
"Running Make include in ps7_cortexa9_0/libsrc/iicps_v3_2/src"
make -C ps7_cortexa9_0/libsrc/iicps_v3_2/src -s include  "SHELL=CMD" "COMPILER=arm-none-eabi-gcc" "ARCHIVER=arm-none-eabi-ar" "COMPILER_FLAGS=  -O2 -c" "EXTRA_COMPILER_FLAGS=-mcpu=cortex-a9 -mfpu=vfpv3 -mfloat-abi=hard -nostartfiles"
"Running Make include in ps7_cortexa9_0/libsrc/qspips_v3_3/src"
make -C ps7_cortexa9_0/libsrc/qspips_v3_3/src -s include  "SHELL=CMD" "COMPILER=arm-none-eabi-gcc" "ARCHIVER=arm-none-eabi-ar" "COMPILER_FLAGS=  -O2 -c" "EXTRA_COMPILER_FLAGS=-mcpu=cortex-a9 -mfpu=vfpv3 -mfloat-abi=hard -nostartfiles"
"Running Make include in ps7_cortexa9_0/libsrc/scugic_v3_3/src"
make -C ps7_cortexa9_0/libsrc/scugic_v3_3/src -s include  "SHELL=CMD" "COMPILER=arm-none-eabi-gcc" "ARCHIVER=arm-none-eabi-ar" "COMPILER_FLAGS=  -O2 -c" "EXTRA_COMPILER_FLAGS=-mcpu=cortex-a9 -mfpu=vfpv3 -mfloat-abi=hard -nostartfiles"
"Running Make include in ps7_cortexa9_0/libsrc/scutimer_v2_1/src"
make -C ps7_cortexa9_0/libsrc/scutimer_v2_1/src -s include  "SHELL=CMD" "COMPILER=arm-none-eabi-gcc" "ARCHIVER=arm-none-eabi-ar" "COMPILER_FLAGS=  -O2 -c" "EXTRA_COMPILER_FLAGS=-mcpu=cortex-a9 -mfpu=vfpv3 -mfloat-abi=hard -nostartfiles"
"Running Make include in ps7_cortexa9_0/libsrc/scuwdt_v2_1/src"
make -C ps7_cortexa9_0/libsrc/scuwdt_v2_1/src -s include  "SHELL=CMD" "COMPILER=arm-none-eabi-gcc" "ARCHIVER=arm-none-eabi-ar" "COMPILER_FLAGS=  -O2 -c" "EXTRA_COMPILER_FLAGS=-mcpu=cortex-a9 -mfpu=vfpv3 -mfloat-abi=hard -nostartfiles"
"Running Make include in ps7_cortexa9_0/libsrc/sdps_v2_8/src"
make -C ps7_cortexa9_0/libsrc/sdps_v2_8/src -s include  "SHELL=CMD" "COMPILER=arm-none-eabi-gcc" "ARCHIVER=arm-none-eabi-ar" "COMPILER_FLAGS=  -O2 -c" "EXTRA_COMPILER_FLAGS=-mcpu=cortex-a9 -mfpu=vfpv3 -mfloat-abi=hard -nostartfiles"
"Running Make include in ps7_cortexa9_0/libsrc/standalone_v5_5/src"
make -C ps7_cortexa9_0/libsrc/standalone_v5_5/src -s include  "SHELL=CMD" "COMPILER=arm-none-eabi-gcc" "ARCHIVER=arm-none-eabi-ar" "COMPILER_FLAGS=  -O2 -c" "EXTRA_COMPILER_FLAGS=-mcpu=cortex-a9 -mfpu=vfpv3 -mfloat-abi=hard -nostartfiles"
"Running Make include in ps7_cortexa9_0/libsrc/ttcps_v3_1/src"
make -C ps7_cortexa9_0/libsrc/ttcps_v3_1/src -s include  "SHELL=CMD" "COMPILER=arm-none-eabi-gcc" "ARCHIVER=arm-none-eabi-ar" "COMPILER_FLAGS=  -O2 -c" "EXTRA_COMPILER_FLAGS=-mcpu=cortex-a9 -mfpu=vfpv3 -mfloat-abi=hard -nostartfiles"
"Running Make include in ps7_cortexa9_0/libsrc/uartps_v3_1/src"
make -C ps7_cortexa9_0/libsrc/uartps_v3_1/src -s include  "SHELL=CMD" "COMPILER=arm-none-eabi-gcc" "ARCHIVER=arm-none-eabi-ar" "COMPILER_FLAGS=  -O2 -c" "EXTRA_COMPILER_FLAGS=-mcpu=cortex-a9 -mfpu=vfpv3 -mfloat-abi=hard -nostartfiles"
"Running Make include in ps7_cortexa9_0/libsrc/usbps_v2_4/src"
make -C ps7_cortexa9_0/libsrc/usbps_v2_4/src -s include  "SHELL=CMD" "COMPILER=arm-none-eabi-gcc" "ARCHIVER=arm-none-eabi-ar" "COMPILER_FLAGS=  -O2 -c" "EXTRA_COMPILER_FLAGS=-mcpu=cortex-a9 -mfpu=vfpv3 -mfloat-abi=hard -nostartfiles"
"Running Make include in ps7_cortexa9_0/libsrc/xadcps_v2_2/src"
make -C ps7_cortexa9_0/libsrc/xadcps_v2_2/src -s include  "SHELL=CMD" "COMPILER=arm-none-eabi-gcc" "ARCHIVER=arm-none-eabi-ar" "COMPILER_FLAGS=  -O2 -c" "EXTRA_COMPILER_FLAGS=-mcpu=cortex-a9 -mfpu=vfpv3 -mfloat-abi=hard -nostartfiles"
"Running Make libs in ps7_cortexa9_0/libsrc/coresightps_dcc_v1_2/src"
make -C ps7_cortexa9_0/libsrc/coresightps_dcc_v1_2/src -s libs  "SHELL=CMD" "COMPILER=arm-none-eabi-gcc" "ARCHIVER=arm-none-eabi-ar" "COMPILER_FLAGS=  -O2 -c" "EXTRA_COMPILER_FLAGS=-mcpu=cortex-a9 -mfpu=vfpv3 -mfloat-abi=hard -nostartfiles"
"Compiling coresightps_dcc"
"Running Make libs in ps7_cortexa9_0/libsrc/cpu_cortexa9_v2_2/src"
make -C ps7_cortexa9_0/libsrc/cpu_cortexa9_v2_2/src -s libs  "SHELL=CMD" "COMPILER=arm-none-eabi-gcc" "ARCHIVER=arm-none-eabi-ar" "COMPILER_FLAGS=  -O2 -c" "EXTRA_COMPILER_FLAGS=-mcpu=cortex-a9 -mfpu=vfpv3 -mfloat-abi=hard -nostartfiles"
"Compiling cpu_cortexa9"
"Running Make libs in ps7_cortexa9_0/libsrc/ddrps_v1_0/src"
make -C ps7_cortexa9_0/libsrc/ddrps_v1_0/src -s libs  "SHELL=CMD" "COMPILER=arm-none-eabi-gcc" "ARCHIVER=arm-none-eabi-ar" "COMPILER_FLAGS=  -O2 -c" "EXTRA_COMPILER_FLAGS=-mcpu=cortex-a9 -mfpu=vfpv3 -mfloat-abi=hard -nostartfiles"
"Compiling ddrps"
"Running Make libs in ps7_cortexa9_0/libsrc/devcfg_v3_4/src"
make -C ps7_cortexa9_0/libsrc/devcfg_v3_4/src -s libs  "SHELL=CMD" "COMPILER=arm-none-eabi-gcc" "ARCHIVER=arm-none-eabi-ar" "COMPILER_FLAGS=  -O2 -c" "EXTRA_COMPILER_FLAGS=-mcpu=cortex-a9 -mfpu=vfpv3 -mfloat-abi=hard -nostartfiles"
"Compiling devcfg"
"Running Make libs in ps7_cortexa9_0/libsrc/dmaps_v2_1/src"
make -C ps7_cortexa9_0/libsrc/dmaps_v2_1/src -s libs  "SHELL=CMD" "COMPILER=arm-none-eabi-gcc" "ARCHIVER=arm-none-eabi-ar" "COMPILER_FLAGS=  -O2 -c" "EXTRA_COMPILER_FLAGS=-mcpu=cortex-a9 -mfpu=vfpv3 -mfloat-abi=hard -nostartfiles"
"Compiling dmaps"
"Running Make libs in ps7_cortexa9_0/libsrc/emacps_v3_2/src"
make -C ps7_cortexa9_0/libsrc/emacps_v3_2/src -s libs  "SHELL=CMD" "COMPILER=arm-none-eabi-gcc" "ARCHIVER=arm-none-eabi-ar" "COMPILER_FLAGS=  -O2 -c" "EXTRA_COMPILER_FLAGS=-mcpu=cortex-a9 -mfpu=vfpv3 -mfloat-abi=hard -nostartfiles"
"Compiling emacps"
"Running Make libs in ps7_cortexa9_0/libsrc/gpiops_v3_1/src"
make -C ps7_cortexa9_0/libsrc/gpiops_v3_1/src -s libs  "SHELL=CMD" "COMPILER=arm-none-eabi-gcc" "ARCHIVER=arm-none-eabi-ar" "COMPILER_FLAGS=  -O2 -c" "EXTRA_COMPILER_FLAGS=-mcpu=cortex-a9 -mfpu=vfpv3 -mfloat-abi=hard -nostartfiles"
"Compiling gpiops"
"Running Make libs in ps7_cortexa9_0/libsrc/iicps_v3_2/src"
make -C ps7_cortexa9_0/libsrc/iicps_v3_2/src -s libs  "SHELL=CMD" "COMPILER=arm-none-eabi-gcc" "ARCHIVER=arm-none-eabi-ar" "COMPILER_FLAGS=  -O2 -c" "EXTRA_COMPILER_FLAGS=-mcpu=cortex-a9 -mfpu=vfpv3 -mfloat-abi=hard -nostartfiles"
"Compiling iicps"
"Running Make libs in ps7_cortexa9_0/libsrc/qspips_v3_3/src"
make -C ps7_cortexa9_0/libsrc/qspips_v3_3/src -s libs  "SHELL=CMD" "COMPILER=arm-none-eabi-gcc" "ARCHIVER=arm-none-eabi-ar" "COMPILER_FLAGS=  -O2 -c" "EXTRA_COMPILER_FLAGS=-mcpu=cortex-a9 -mfpu=vfpv3 -mfloat-abi=hard -nostartfiles"
"Compiling qspips"
"Running Make libs in ps7_cortexa9_0/libsrc/scugic_v3_3/src"
make -C ps7_cortexa9_0/libsrc/scugic_v3_3/src -s libs  "SHELL=CMD" "COMPILER=arm-none-eabi-gcc" "ARCHIVER=arm-none-eabi-ar" "COMPILER_FLAGS=  -O2 -c" "EXTRA_COMPILER_FLAGS=-mcpu=cortex-a9 -mfpu=vfpv3 -mfloat-abi=hard -nostartfiles"
"Compiling scugic"
"Running Make libs in ps7_cortexa9_0/libsrc/scutimer_v2_1/src"
make -C ps7_cortexa9_0/libsrc/scutimer_v2_1/src -s libs  "SHELL=CMD" "COMPILER=arm-none-eabi-gcc" "ARCHIVER=arm-none-eabi-ar" "COMPILER_FLAGS=  -O2 -c" "EXTRA_COMPILER_FLAGS=-mcpu=cortex-a9 -mfpu=vfpv3 -mfloat-abi=hard -nostartfiles"
"Compiling scutimer"
"Running Make libs in ps7_cortexa9_0/libsrc/scuwdt_v2_1/src"
make -C ps7_cortexa9_0/libsrc/scuwdt_v2_1/src -s libs  "SHELL=CMD" "COMPILER=arm-none-eabi-gcc" "ARCHIVER=arm-none-eabi-ar" "COMPILER_FLAGS=  -O2 -c" "EXTRA_COMPILER_FLAGS=-mcpu=cortex-a9 -mfpu=vfpv3 -mfloat-abi=hard -nostartfiles"
"Compiling scuwdt"
"Running Make libs in ps7_cortexa9_0/libsrc/sdps_v2_8/src"
make -C ps7_cortexa9_0/libsrc/sdps_v2_8/src -s libs  "SHELL=CMD" "COMPILER=arm-none-eabi-gcc" "ARCHIVER=arm-none-eabi-ar" "COMPILER_FLAGS=  -O2 -c" "EXTRA_COMPILER_FLAGS=-mcpu=cortex-a9 -mfpu=vfpv3 -mfloat-abi=hard -nostartfiles"
"Compiling sdps"
"Running Make libs in ps7_cortexa9_0/libsrc/standalone_v5_5/src"
make -C ps7_cortexa9_0/libsrc/standalone_v5_5/src -s libs  "SHELL=CMD" "COMPILER=arm-none-eabi-gcc" "ARCHIVER=arm-none-eabi-ar" "COMPILER_FLAGS=  -O2 -c" "EXTRA_COMPILER_FLAGS=-mcpu=cortex-a9 -mfpu=vfpv3 -mfloat-abi=hard -nostartfiles"
"Compiling standalone"
"Running Make libs in ps7_cortexa9_0/libsrc/ttcps_v3_1/src"
make -C ps7_cortexa9_0/libsrc/ttcps_v3_1/src -s libs  "SHELL=CMD" "COMPILER=arm-none-eabi-gcc" "ARCHIVER=arm-none-eabi-ar" "COMPILER_FLAGS=  -O2 -c" "EXTRA_COMPILER_FLAGS=-mcpu=cortex-a9 -mfpu=vfpv3 -mfloat-abi=hard -nostartfiles"
"Compiling ttcps"
"Running Make libs in ps7_cortexa9_0/libsrc/uartps_v3_1/src"
make -C ps7_cortexa9_0/libsrc/uartps_v3_1/src -s libs  "SHELL=CMD" "COMPILER=arm-none-eabi-gcc" "ARCHIVER=arm-none-eabi-ar" "COMPILER_FLAGS=  -O2 -c" "EXTRA_COMPILER_FLAGS=-mcpu=cortex-a9 -mfpu=vfpv3 -mfloat-abi=hard -nostartfiles"
"Compiling uartps"
"Running Make libs in ps7_cortexa9_0/libsrc/usbps_v2_4/src"
make -C ps7_cortexa9_0/libsrc/usbps_v2_4/src -s libs  "SHELL=CMD" "COMPILER=arm-none-eabi-gcc" "ARCHIVER=arm-none-eabi-ar" "COMPILER_FLAGS=  -O2 -c" "EXTRA_COMPILER_FLAGS=-mcpu=cortex-a9 -mfpu=vfpv3 -mfloat-abi=hard -nostartfiles"
"Compiling usbps"
"Running Make libs in ps7_cortexa9_0/libsrc/xadcps_v2_2/src"
make -C ps7_cortexa9_0/libsrc/xadcps_v2_2/src -s libs  "SHELL=CMD" "COMPILER=arm-none-eabi-gcc" "ARCHIVER=arm-none-eabi-ar" "COMPILER_FLAGS=  -O2 -c" "EXTRA_COMPILER_FLAGS=-mcpu=cortex-a9 -mfpu=vfpv3 -mfloat-abi=hard -nostartfiles"
"Compiling xadcps"
'Finished building libraries'
12:02:21 **** Build of configuration Debug for project uart0_rangefinder ****
make pre-build main-build 
a9-linaro-pre-build-step
' '
'Building file: ../src/platform.c'
'Invoking: ARM v7 gcc compiler'
arm-none-eabi-gcc -Wall -O0 -g3 -c -fmessage-length=0 -MT"src/platform.o" -mcpu=cortex-a9 -mfpu=vfpv3 -mfloat-abi=hard -I../../uart0_rangefinder_bsp/ps7_cortexa9_0/include -MMD -MP -MF"src/platform.d" -MT"src/platform.o" -o "src/platform.o" "../src/platform.c"
'Finished building: ../src/platform.c'
' '
'Building target: uart0_rangefinder.elf'
'Invoking: ARM v7 gcc linker'
arm-none-eabi-gcc -mcpu=cortex-a9 -mfpu=vfpv3 -mfloat-abi=hard -Wl,-build-id=none -specs=Xilinx.spec -Wl,-T -Wl,../src/lscript.ld -L../../uart0_rangefinder_bsp/ps7_cortexa9_0/lib -o "uart0_rangefinder.elf"  ./src/helloworld.o ./src/platform.o   -Wl,--start-group,-lxil,-lgcc,-lc,--end-group
'Finished building target: uart0_rangefinder.elf'
' '
'Invoking: ARM v7 Print Size'
arm-none-eabi-size uart0_rangefinder.elf  |tee "uart0_rangefinder.elf.size"
   text	   data	    bss	    dec	    hex	filename
  23436	   1152	  22580	  47168	   b840	uart0_rangefinder.elf
'Finished building: uart0_rangefinder.elf.size'
' '
21:06:16 **** Auto Build of project uart0_rangefinder_bsp ****
make -k all 
"Running Make include in ps7_cortexa9_0/libsrc/coresightps_dcc_v1_2/src"
make -C ps7_cortexa9_0/libsrc/coresightps_dcc_v1_2/src -s include  "SHELL=CMD" "COMPILER=arm-none-eabi-gcc" "ARCHIVER=arm-none-eabi-ar" "COMPILER_FLAGS=  -O2 -c" "EXTRA_COMPILER_FLAGS=-mcpu=cortex-a9 -mfpu=vfpv3 -mfloat-abi=hard -nostartfiles"
"Running Make include in ps7_cortexa9_0/libsrc/cpu_cortexa9_v2_2/src"
make -C ps7_cortexa9_0/libsrc/cpu_cortexa9_v2_2/src -s include  "SHELL=CMD" "COMPILER=arm-none-eabi-gcc" "ARCHIVER=arm-none-eabi-ar" "COMPILER_FLAGS=  -O2 -c" "EXTRA_COMPILER_FLAGS=-mcpu=cortex-a9 -mfpu=vfpv3 -mfloat-abi=hard -nostartfiles"
"Running Make include in ps7_cortexa9_0/libsrc/ddrps_v1_0/src"
make -C ps7_cortexa9_0/libsrc/ddrps_v1_0/src -s include  "SHELL=CMD" "COMPILER=arm-none-eabi-gcc" "ARCHIVER=arm-none-eabi-ar" "COMPILER_FLAGS=  -O2 -c" "EXTRA_COMPILER_FLAGS=-mcpu=cortex-a9 -mfpu=vfpv3 -mfloat-abi=hard -nostartfiles"
"Running Make include in ps7_cortexa9_0/libsrc/devcfg_v3_4/src"
make -C ps7_cortexa9_0/libsrc/devcfg_v3_4/src -s include  "SHELL=CMD" "COMPILER=arm-none-eabi-gcc" "ARCHIVER=arm-none-eabi-ar" "COMPILER_FLAGS=  -O2 -c" "EXTRA_COMPILER_FLAGS=-mcpu=cortex-a9 -mfpu=vfpv3 -mfloat-abi=hard -nostartfiles"
"Running Make include in ps7_cortexa9_0/libsrc/dmaps_v2_1/src"
make -C ps7_cortexa9_0/libsrc/dmaps_v2_1/src -s include  "SHELL=CMD" "COMPILER=arm-none-eabi-gcc" "ARCHIVER=arm-none-eabi-ar" "COMPILER_FLAGS=  -O2 -c" "EXTRA_COMPILER_FLAGS=-mcpu=cortex-a9 -mfpu=vfpv3 -mfloat-abi=hard -nostartfiles"
"Running Make include in ps7_cortexa9_0/libsrc/gpio_v4_1/src"
make -C ps7_cortexa9_0/libsrc/gpio_v4_1/src -s include  "SHELL=CMD" "COMPILER=arm-none-eabi-gcc" "ARCHIVER=arm-none-eabi-ar" "COMPILER_FLAGS=  -O2 -c" "EXTRA_COMPILER_FLAGS=-mcpu=cortex-a9 -mfpu=vfpv3 -mfloat-abi=hard -nostartfiles"
"Running Make include in ps7_cortexa9_0/libsrc/gpiops_v3_1/src"
make -C ps7_cortexa9_0/libsrc/gpiops_v3_1/src -s include  "SHELL=CMD" "COMPILER=arm-none-eabi-gcc" "ARCHIVER=arm-none-eabi-ar" "COMPILER_FLAGS=  -O2 -c" "EXTRA_COMPILER_FLAGS=-mcpu=cortex-a9 -mfpu=vfpv3 -mfloat-abi=hard -nostartfiles"
"Running Make include in ps7_cortexa9_0/libsrc/iicps_v3_2/src"
make -C ps7_cortexa9_0/libsrc/iicps_v3_2/src -s include  "SHELL=CMD" "COMPILER=arm-none-eabi-gcc" "ARCHIVER=arm-none-eabi-ar" "COMPILER_FLAGS=  -O2 -c" "EXTRA_COMPILER_FLAGS=-mcpu=cortex-a9 -mfpu=vfpv3 -mfloat-abi=hard -nostartfiles"
"Running Make include in ps7_cortexa9_0/libsrc/qspips_v3_3/src"
make -C ps7_cortexa9_0/libsrc/qspips_v3_3/src -s include  "SHELL=CMD" "COMPILER=arm-none-eabi-gcc" "ARCHIVER=arm-none-eabi-ar" "COMPILER_FLAGS=  -O2 -c" "EXTRA_COMPILER_FLAGS=-mcpu=cortex-a9 -mfpu=vfpv3 -mfloat-abi=hard -nostartfiles"
"Running Make include in ps7_cortexa9_0/libsrc/scugic_v3_3/src"
make -C ps7_cortexa9_0/libsrc/scugic_v3_3/src -s include  "SHELL=CMD" "COMPILER=arm-none-eabi-gcc" "ARCHIVER=arm-none-eabi-ar" "COMPILER_FLAGS=  -O2 -c" "EXTRA_COMPILER_FLAGS=-mcpu=cortex-a9 -mfpu=vfpv3 -mfloat-abi=hard -nostartfiles"
"Running Make include in ps7_cortexa9_0/libsrc/scutimer_v2_1/src"
make -C ps7_cortexa9_0/libsrc/scutimer_v2_1/src -s include  "SHELL=CMD" "COMPILER=arm-none-eabi-gcc" "ARCHIVER=arm-none-eabi-ar" "COMPILER_FLAGS=  -O2 -c" "EXTRA_COMPILER_FLAGS=-mcpu=cortex-a9 -mfpu=vfpv3 -mfloat-abi=hard -nostartfiles"
"Running Make include in ps7_cortexa9_0/libsrc/scuwdt_v2_1/src"
make -C ps7_cortexa9_0/libsrc/scuwdt_v2_1/src -s include  "SHELL=CMD" "COMPILER=arm-none-eabi-gcc" "ARCHIVER=arm-none-eabi-ar" "COMPILER_FLAGS=  -O2 -c" "EXTRA_COMPILER_FLAGS=-mcpu=cortex-a9 -mfpu=vfpv3 -mfloat-abi=hard -nostartfiles"
"Running Make include in ps7_cortexa9_0/libsrc/standalone_v5_5/src"
make -C ps7_cortexa9_0/libsrc/standalone_v5_5/src -s include  "SHELL=CMD" "COMPILER=arm-none-eabi-gcc" "ARCHIVER=arm-none-eabi-ar" "COMPILER_FLAGS=  -O2 -c" "EXTRA_COMPILER_FLAGS=-mcpu=cortex-a9 -mfpu=vfpv3 -mfloat-abi=hard -nostartfiles"
"Running Make include in ps7_cortexa9_0/libsrc/ttcps_v3_1/src"
make -C ps7_cortexa9_0/libsrc/ttcps_v3_1/src -s include  "SHELL=CMD" "COMPILER=arm-none-eabi-gcc" "ARCHIVER=arm-none-eabi-ar" "COMPILER_FLAGS=  -O2 -c" "EXTRA_COMPILER_FLAGS=-mcpu=cortex-a9 -mfpu=vfpv3 -mfloat-abi=hard -nostartfiles"
"Running Make include in ps7_cortexa9_0/libsrc/uartps_v3_1/src"
make -C ps7_cortexa9_0/libsrc/uartps_v3_1/src -s include  "SHELL=CMD" "COMPILER=arm-none-eabi-gcc" "ARCHIVER=arm-none-eabi-ar" "COMPILER_FLAGS=  -O2 -c" "EXTRA_COMPILER_FLAGS=-mcpu=cortex-a9 -mfpu=vfpv3 -mfloat-abi=hard -nostartfiles"
"Running Make include in ps7_cortexa9_0/libsrc/xadcps_v2_2/src"
make -C ps7_cortexa9_0/libsrc/xadcps_v2_2/src -s include  "SHELL=CMD" "COMPILER=arm-none-eabi-gcc" "ARCHIVER=arm-none-eabi-ar" "COMPILER_FLAGS=  -O2 -c" "EXTRA_COMPILER_FLAGS=-mcpu=cortex-a9 -mfpu=vfpv3 -mfloat-abi=hard -nostartfiles"
"Running Make libs in ps7_cortexa9_0/libsrc/coresightps_dcc_v1_2/src"
make -C ps7_cortexa9_0/libsrc/coresightps_dcc_v1_2/src -s libs  "SHELL=CMD" "COMPILER=arm-none-eabi-gcc" "ARCHIVER=arm-none-eabi-ar" "COMPILER_FLAGS=  -O2 -c" "EXTRA_COMPILER_FLAGS=-mcpu=cortex-a9 -mfpu=vfpv3 -mfloat-abi=hard -nostartfiles"
"Compiling coresightps_dcc"
arm-none-eabi-ar: creating ../../../lib/libxil.a
"Running Make libs in ps7_cortexa9_0/libsrc/cpu_cortexa9_v2_2/src"
make -C ps7_cortexa9_0/libsrc/cpu_cortexa9_v2_2/src -s libs  "SHELL=CMD" "COMPILER=arm-none-eabi-gcc" "ARCHIVER=arm-none-eabi-ar" "COMPILER_FLAGS=  -O2 -c" "EXTRA_COMPILER_FLAGS=-mcpu=cortex-a9 -mfpu=vfpv3 -mfloat-abi=hard -nostartfiles"
"Compiling cpu_cortexa9"
"Running Make libs in ps7_cortexa9_0/libsrc/ddrps_v1_0/src"
make -C ps7_cortexa9_0/libsrc/ddrps_v1_0/src -s libs  "SHELL=CMD" "COMPILER=arm-none-eabi-gcc" "ARCHIVER=arm-none-eabi-ar" "COMPILER_FLAGS=  -O2 -c" "EXTRA_COMPILER_FLAGS=-mcpu=cortex-a9 -mfpu=vfpv3 -mfloat-abi=hard -nostartfiles"
"Compiling ddrps"
"Running Make libs in ps7_cortexa9_0/libsrc/devcfg_v3_4/src"
make -C ps7_cortexa9_0/libsrc/devcfg_v3_4/src -s libs  "SHELL=CMD" "COMPILER=arm-none-eabi-gcc" "ARCHIVER=arm-none-eabi-ar" "COMPILER_FLAGS=  -O2 -c" "EXTRA_COMPILER_FLAGS=-mcpu=cortex-a9 -mfpu=vfpv3 -mfloat-abi=hard -nostartfiles"
"Compiling devcfg"
"Running Make libs in ps7_cortexa9_0/libsrc/dmaps_v2_1/src"
make -C ps7_cortexa9_0/libsrc/dmaps_v2_1/src -s libs  "SHELL=CMD" "COMPILER=arm-none-eabi-gcc" "ARCHIVER=arm-none-eabi-ar" "COMPILER_FLAGS=  -O2 -c" "EXTRA_COMPILER_FLAGS=-mcpu=cortex-a9 -mfpu=vfpv3 -mfloat-abi=hard -nostartfiles"
"Compiling dmaps"
"Running Make libs in ps7_cortexa9_0/libsrc/gpio_v4_1/src"
make -C ps7_cortexa9_0/libsrc/gpio_v4_1/src -s libs  "SHELL=CMD" "COMPILER=arm-none-eabi-gcc" "ARCHIVER=arm-none-eabi-ar" "COMPILER_FLAGS=  -O2 -c" "EXTRA_COMPILER_FLAGS=-mcpu=cortex-a9 -mfpu=vfpv3 -mfloat-abi=hard -nostartfiles"
"Compiling gpio"
"Running Make libs in ps7_cortexa9_0/libsrc/gpiops_v3_1/src"
make -C ps7_cortexa9_0/libsrc/gpiops_v3_1/src -s libs  "SHELL=CMD" "COMPILER=arm-none-eabi-gcc" "ARCHIVER=arm-none-eabi-ar" "COMPILER_FLAGS=  -O2 -c" "EXTRA_COMPILER_FLAGS=-mcpu=cortex-a9 -mfpu=vfpv3 -mfloat-abi=hard -nostartfiles"
"Compiling gpiops"
"Running Make libs in ps7_cortexa9_0/libsrc/iicps_v3_2/src"
make -C ps7_cortexa9_0/libsrc/iicps_v3_2/src -s libs  "SHELL=CMD" "COMPILER=arm-none-eabi-gcc" "ARCHIVER=arm-none-eabi-ar" "COMPILER_FLAGS=  -O2 -c" "EXTRA_COMPILER_FLAGS=-mcpu=cortex-a9 -mfpu=vfpv3 -mfloat-abi=hard -nostartfiles"
"Compiling iicps"
"Running Make libs in ps7_cortexa9_0/libsrc/qspips_v3_3/src"
make -C ps7_cortexa9_0/libsrc/qspips_v3_3/src -s libs  "SHELL=CMD" "COMPILER=arm-none-eabi-gcc" "ARCHIVER=arm-none-eabi-ar" "COMPILER_FLAGS=  -O2 -c" "EXTRA_COMPILER_FLAGS=-mcpu=cortex-a9 -mfpu=vfpv3 -mfloat-abi=hard -nostartfiles"
"Compiling qspips"
"Running Make libs in ps7_cortexa9_0/libsrc/scugic_v3_3/src"
make -C ps7_cortexa9_0/libsrc/scugic_v3_3/src -s libs  "SHELL=CMD" "COMPILER=arm-none-eabi-gcc" "ARCHIVER=arm-none-eabi-ar" "COMPILER_FLAGS=  -O2 -c" "EXTRA_COMPILER_FLAGS=-mcpu=cortex-a9 -mfpu=vfpv3 -mfloat-abi=hard -nostartfiles"
"Compiling scugic"
"Running Make libs in ps7_cortexa9_0/libsrc/scutimer_v2_1/src"
make -C ps7_cortexa9_0/libsrc/scutimer_v2_1/src -s libs  "SHELL=CMD" "COMPILER=arm-none-eabi-gcc" "ARCHIVER=arm-none-eabi-ar" "COMPILER_FLAGS=  -O2 -c" "EXTRA_COMPILER_FLAGS=-mcpu=cortex-a9 -mfpu=vfpv3 -mfloat-abi=hard -nostartfiles"
"Compiling scutimer"
"Running Make libs in ps7_cortexa9_0/libsrc/scuwdt_v2_1/src"
make -C ps7_cortexa9_0/libsrc/scuwdt_v2_1/src -s libs  "SHELL=CMD" "COMPILER=arm-none-eabi-gcc" "ARCHIVER=arm-none-eabi-ar" "COMPILER_FLAGS=  -O2 -c" "EXTRA_COMPILER_FLAGS=-mcpu=cortex-a9 -mfpu=vfpv3 -mfloat-abi=hard -nostartfiles"
"Compiling scuwdt"
"Running Make libs in ps7_cortexa9_0/libsrc/standalone_v5_5/src"
make -C ps7_cortexa9_0/libsrc/standalone_v5_5/src -s libs  "SHELL=CMD" "COMPILER=arm-none-eabi-gcc" "ARCHIVER=arm-none-eabi-ar" "COMPILER_FLAGS=  -O2 -c" "EXTRA_COMPILER_FLAGS=-mcpu=cortex-a9 -mfpu=vfpv3 -mfloat-abi=hard -nostartfiles"
"Compiling standalone"
"Running Make libs in ps7_cortexa9_0/libsrc/ttcps_v3_1/src"
make -C ps7_cortexa9_0/libsrc/ttcps_v3_1/src -s libs  "SHELL=CMD" "COMPILER=arm-none-eabi-gcc" "ARCHIVER=arm-none-eabi-ar" "COMPILER_FLAGS=  -O2 -c" "EXTRA_COMPILER_FLAGS=-mcpu=cortex-a9 -mfpu=vfpv3 -mfloat-abi=hard -nostartfiles"
"Compiling ttcps"
"Running Make libs in ps7_cortexa9_0/libsrc/uartps_v3_1/src"
make -C ps7_cortexa9_0/libsrc/uartps_v3_1/src -s libs  "SHELL=CMD" "COMPILER=arm-none-eabi-gcc" "ARCHIVER=arm-none-eabi-ar" "COMPILER_FLAGS=  -O2 -c" "EXTRA_COMPILER_FLAGS=-mcpu=cortex-a9 -mfpu=vfpv3 -mfloat-abi=hard -nostartfiles"
"Compiling uartps"
"Running Make libs in ps7_cortexa9_0/libsrc/xadcps_v2_2/src"
make -C ps7_cortexa9_0/libsrc/xadcps_v2_2/src -s libs  "SHELL=CMD" "COMPILER=arm-none-eabi-gcc" "ARCHIVER=arm-none-eabi-ar" "COMPILER_FLAGS=  -O2 -c" "EXTRA_COMPILER_FLAGS=-mcpu=cortex-a9 -mfpu=vfpv3 -mfloat-abi=hard -nostartfiles"
"Compiling xadcps"
'Finished building libraries'
21:06:54 **** Auto Build of configuration Debug for project uart0_rangefinder ****
make pre-build main-build 
a9-linaro-pre-build-step
' '
'Building file: ../src/helloworld.c'
'Invoking: ARM v7 gcc compiler'
arm-none-eabi-gcc -Wall -O0 -g3 -c -fmessage-length=0 -MT"src/helloworld.o" -mcpu=cortex-a9 -mfpu=vfpv3 -mfloat-abi=hard -I../../uart0_rangefinder_bsp/ps7_cortexa9_0/include -MMD -MP -MF"src/helloworld.d" -MT"src/helloworld.o" -o "src/helloworld.o" "../src/helloworld.c"
../src/helloworld.c:53:23: fatal error: xiomodule.h: No such file or directory
 #include "xiomodule.h"
                       ^
compilation terminated.
make: *** [src/helloworld.o] Error 1
21:13:18 **** Auto Build of configuration Debug for project uart0_rangefinder ****
make pre-build main-build 
a9-linaro-pre-build-step
' '
'Building file: ../src/helloworld.c'
'Invoking: ARM v7 gcc compiler'
arm-none-eabi-gcc -Wall -O0 -g3 -c -fmessage-length=0 -MT"src/helloworld.o" -mcpu=cortex-a9 -mfpu=vfpv3 -mfloat-abi=hard -I../../uart0_rangefinder_bsp/ps7_cortexa9_0/include -MMD -MP -MF"src/helloworld.d" -MT"src/helloworld.o" -o "src/helloworld.o" "../src/helloworld.c"
../src/helloworld.c: In function 'main':
../src/helloworld.c:114:3: warning: enumeration value 'POLL_SEND' not handled in switch [-Wswitch]
   switch(STATE)
   ^
../src/helloworld.c:107:10: warning: variable 'linefeed' set but not used [-Wunused-but-set-variable]
     char linefeed[3];
          ^
../src/helloworld.c:106:10: warning: variable 'data' set but not used [-Wunused-but-set-variable]
     char data[65][24];
          ^
../src/helloworld.c:105:10: warning: variable 'status' set but not used [-Wunused-but-set-variable]
     char status[5];
          ^
../src/helloworld.c:104:10: warning: variable 'echo' set but not used [-Wunused-but-set-variable]
     char echo[10];
          ^
'Finished building: ../src/helloworld.c'
' '
'Building file: ../src/platform.c'
'Invoking: ARM v7 gcc compiler'
arm-none-eabi-gcc -Wall -O0 -g3 -c -fmessage-length=0 -MT"src/platform.o" -mcpu=cortex-a9 -mfpu=vfpv3 -mfloat-abi=hard -I../../uart0_rangefinder_bsp/ps7_cortexa9_0/include -MMD -MP -MF"src/platform.d" -MT"src/platform.o" -o "src/platform.o" "../src/platform.c"
'Finished building: ../src/platform.c'
' '
'Building target: uart0_rangefinder.elf'
'Invoking: ARM v7 gcc linker'
arm-none-eabi-gcc -mcpu=cortex-a9 -mfpu=vfpv3 -mfloat-abi=hard -Wl,-build-id=none -specs=Xilinx.spec -Wl,-T -Wl,../src/lscript.ld -L../../uart0_rangefinder_bsp/ps7_cortexa9_0/lib -o "uart0_rangefinder.elf"  ./src/helloworld.o ./src/platform.o   -Wl,--start-group,-lxil,-lgcc,-lc,--end-group
'Finished building target: uart0_rangefinder.elf'
' '
'Invoking: ARM v7 Print Size'
arm-none-eabi-size uart0_rangefinder.elf  |tee "uart0_rangefinder.elf.size"
   text	   data	    bss	    dec	    hex	filename
  23436	   1152	  22580	  47168	   b840	uart0_rangefinder.elf
'Finished building: uart0_rangefinder.elf.size'
' '
21:25:26 **** Auto Build of configuration Debug for project uart0_rangefinder ****
make pre-build main-build 
a9-linaro-pre-build-step
' '
'Building file: ../src/helloworld.c'
'Invoking: ARM v7 gcc compiler'
arm-none-eabi-gcc -Wall -O0 -g3 -c -fmessage-length=0 -MT"src/helloworld.o" -mcpu=cortex-a9 -mfpu=vfpv3 -mfloat-abi=hard -I../../uart0_rangefinder_bsp/ps7_cortexa9_0/include -MMD -MP -MF"src/helloworld.d" -MT"src/helloworld.o" -o "src/helloworld.o" "../src/helloworld.c"
../src/helloworld.c: In function 'main':
../src/helloworld.c:110:8: error: conflicting types for 'echobuf'
  XGpio echobuf[10];
        ^
../src/helloworld.c:104:10: note: previous declaration of 'echobuf' was here
     char echobuf[10];
          ^
../src/helloworld.c:112:20: error: 'echo' undeclared (first use in this function)
  XGpio_Initialize(&echo)
                    ^
../src/helloworld.c:112:20: note: each undeclared identifier is reported only once for each function it appears in
../src/helloworld.c:112:2: error: too few arguments to function 'XGpio_Initialize'
  XGpio_Initialize(&echo)
  ^
In file included from ../src/helloworld.c:53:0:
../../uart0_rangefinder_bsp/ps7_cortexa9_0/include/xgpio.h:161:5: note: declared here
 int XGpio_Initialize(XGpio *InstancePtr, u16 DeviceId);
     ^
../src/helloworld.c:114:5: error: expected ';' before 'UART_STATE'
     UART_STATE STATE = DELAY;
     ^
../src/helloworld.c:118:10: error: 'STATE' undeclared (first use in this function)
   switch(STATE)
          ^
../src/helloworld.c:147:24: error: incompatible types when assigning to type 'XGpio' from type 'char8'
      echobuf[rx_index] = inbyte(); // blocking - inbyte is polled
                        ^
../src/helloworld.c:110:8: warning: variable 'echobuf' set but not used [-Wunused-but-set-variable]
  XGpio echobuf[10];
        ^
../src/helloworld.c:107:10: warning: variable 'linefeedbuf' set but not used [-Wunused-but-set-variable]
     char linefeedbuf[3];
          ^
../src/helloworld.c:106:10: warning: variable 'databuf' set but not used [-Wunused-but-set-variable]
     char databuf[65][24];
          ^
../src/helloworld.c:105:10: warning: variable 'statusbuf' set but not used [-Wunused-but-set-variable]
     char statusbuf[5];
          ^
make: *** [src/helloworld.o] Error 1
21:25:37 **** Auto Build of configuration Debug for project uart0_rangefinder ****
make pre-build main-build 
a9-linaro-pre-build-step
' '
'Building file: ../src/helloworld.c'
'Invoking: ARM v7 gcc compiler'
arm-none-eabi-gcc -Wall -O0 -g3 -c -fmessage-length=0 -MT"src/helloworld.o" -mcpu=cortex-a9 -mfpu=vfpv3 -mfloat-abi=hard -I../../uart0_rangefinder_bsp/ps7_cortexa9_0/include -MMD -MP -MF"src/helloworld.d" -MT"src/helloworld.o" -o "src/helloworld.o" "../src/helloworld.c"
../src/helloworld.c: In function 'main':
../src/helloworld.c:112:19: warning: passing argument 1 of 'XGpio_Initialize' from incompatible pointer type
  XGpio_Initialize(&echo)
                   ^
In file included from ../src/helloworld.c:53:0:
../../uart0_rangefinder_bsp/ps7_cortexa9_0/include/xgpio.h:161:5: note: expected 'struct XGpio *' but argument is of type 'struct XGpio (*)[10]'
 int XGpio_Initialize(XGpio *InstancePtr, u16 DeviceId);
     ^
../src/helloworld.c:112:2: error: too few arguments to function 'XGpio_Initialize'
  XGpio_Initialize(&echo)
  ^
In file included from ../src/helloworld.c:53:0:
../../uart0_rangefinder_bsp/ps7_cortexa9_0/include/xgpio.h:161:5: note: declared here
 int XGpio_Initialize(XGpio *InstancePtr, u16 DeviceId);
     ^
../src/helloworld.c:114:5: error: expected ';' before 'UART_STATE'
     UART_STATE STATE = DELAY;
     ^
../src/helloworld.c:118:10: error: 'STATE' undeclared (first use in this function)
   switch(STATE)
          ^
../src/helloworld.c:118:10: note: each undeclared identifier is reported only once for each function it appears in
../src/helloworld.c:107:10: warning: variable 'linefeedbuf' set but not used [-Wunused-but-set-variable]
     char linefeedbuf[3];
          ^
../src/helloworld.c:106:10: warning: variable 'databuf' set but not used [-Wunused-but-set-variable]
     char databuf[65][24];
          ^
../src/helloworld.c:105:10: warning: variable 'statusbuf' set but not used [-Wunused-but-set-variable]
     char statusbuf[5];
          ^
../src/helloworld.c:104:10: warning: variable 'echobuf' set but not used [-Wunused-but-set-variable]
     char echobuf[10];
          ^
make: *** [src/helloworld.o] Error 1
21:27:49 **** Auto Build of configuration Debug for project uart0_rangefinder ****
make pre-build main-build 
a9-linaro-pre-build-step
' '
'Building file: ../src/helloworld.c'
'Invoking: ARM v7 gcc compiler'
arm-none-eabi-gcc -Wall -O0 -g3 -c -fmessage-length=0 -MT"src/helloworld.o" -mcpu=cortex-a9 -mfpu=vfpv3 -mfloat-abi=hard -I../../uart0_rangefinder_bsp/ps7_cortexa9_0/include -MMD -MP -MF"src/helloworld.d" -MT"src/helloworld.o" -o "src/helloworld.o" "../src/helloworld.c"
../src/helloworld.c: In function 'main':
../src/helloworld.c:112:26: error: 'XPAR_XGPIO_0_DEVICE_ID' undeclared (first use in this function)
  XGpio_Initialize(&echo, XPAR_XGPIO_0_DEVICE_ID);
                          ^
../src/helloworld.c:112:26: note: each undeclared identifier is reported only once for each function it appears in
../src/helloworld.c:112:19: warning: passing argument 1 of 'XGpio_Initialize' from incompatible pointer type
  XGpio_Initialize(&echo, XPAR_XGPIO_0_DEVICE_ID);
                   ^
In file included from ../src/helloworld.c:53:0:
../../uart0_rangefinder_bsp/ps7_cortexa9_0/include/xgpio.h:161:5: note: expected 'struct XGpio *' but argument is of type 'struct XGpio (*)[10]'
 int XGpio_Initialize(XGpio *InstancePtr, u16 DeviceId);
     ^
../src/helloworld.c:118:3: warning: enumeration value 'POLL_SEND' not handled in switch [-Wswitch]
   switch(STATE)
   ^
../src/helloworld.c:107:10: warning: variable 'linefeedbuf' set but not used [-Wunused-but-set-variable]
     char linefeedbuf[3];
          ^
../src/helloworld.c:106:10: warning: variable 'databuf' set but not used [-Wunused-but-set-variable]
     char databuf[65][24];
          ^
../src/helloworld.c:105:10: warning: variable 'statusbuf' set but not used [-Wunused-but-set-variable]
     char statusbuf[5];
          ^
../src/helloworld.c:104:10: warning: variable 'echobuf' set but not used [-Wunused-but-set-variable]
     char echobuf[10];
          ^
make: *** [src/helloworld.o] Error 1
21:57:32 **** Auto Build of configuration Debug for project uart0_rangefinder ****
make pre-build main-build 
a9-linaro-pre-build-step
' '
'Building file: ../src/helloworld.c'
'Invoking: ARM v7 gcc compiler'
arm-none-eabi-gcc -Wall -O0 -g3 -c -fmessage-length=0 -MT"src/helloworld.o" -mcpu=cortex-a9 -mfpu=vfpv3 -mfloat-abi=hard -I../../uart0_rangefinder_bsp/ps7_cortexa9_0/include -MMD -MP -MF"src/helloworld.d" -MT"src/helloworld.o" -o "src/helloworld.o" "../src/helloworld.c"
../src/helloworld.c: In function 'main':
../src/helloworld.c:112:26: error: 'XPAR_XGPIO_DEVICE_ID' undeclared (first use in this function)
  XGpio_Initialize(&echo, XPAR_XGPIO_DEVICE_ID);
                          ^
../src/helloworld.c:112:26: note: each undeclared identifier is reported only once for each function it appears in
../src/helloworld.c:112:19: warning: passing argument 1 of 'XGpio_Initialize' from incompatible pointer type
  XGpio_Initialize(&echo, XPAR_XGPIO_DEVICE_ID);
                   ^
In file included from ../src/helloworld.c:53:0:
../../uart0_rangefinder_bsp/ps7_cortexa9_0/include/xgpio.h:161:5: note: expected 'struct XGpio *' but argument is of type 'struct XGpio (*)[10]'
 int XGpio_Initialize(XGpio *InstancePtr, u16 DeviceId);
     ^
../src/helloworld.c:118:3: warning: enumeration value 'POLL_SEND' not handled in switch [-Wswitch]
   switch(STATE)
   ^
../src/helloworld.c:107:10: warning: variable 'linefeedbuf' set but not used [-Wunused-but-set-variable]
     char linefeedbuf[3];
          ^
../src/helloworld.c:106:10: warning: variable 'databuf' set but not used [-Wunused-but-set-variable]
     char databuf[65][24];
          ^
../src/helloworld.c:105:10: warning: variable 'statusbuf' set but not used [-Wunused-but-set-variable]
     char statusbuf[5];
          ^
../src/helloworld.c:104:10: warning: variable 'echobuf' set but not used [-Wunused-but-set-variable]
     char echobuf[10];
          ^
make: *** [src/helloworld.o] Error 1
21:59:43 **** Auto Build of configuration Debug for project uart0_rangefinder ****
make pre-build main-build 
a9-linaro-pre-build-step
' '
'Building file: ../src/helloworld.c'
'Invoking: ARM v7 gcc compiler'
arm-none-eabi-gcc -Wall -O0 -g3 -c -fmessage-length=0 -MT"src/helloworld.o" -mcpu=cortex-a9 -mfpu=vfpv3 -mfloat-abi=hard -I../../uart0_rangefinder_bsp/ps7_cortexa9_0/include -MMD -MP -MF"src/helloworld.d" -MT"src/helloworld.o" -o "src/helloworld.o" "../src/helloworld.c"
../src/helloworld.c: In function 'main':
../src/helloworld.c:112:26: error: 'XPAR_XGPIO_DEVICE_ID' undeclared (first use in this function)
  XGpio_Initialize(&echo, XPAR_XGPIO_DEVICE_ID);
                          ^
../src/helloworld.c:112:26: note: each undeclared identifier is reported only once for each function it appears in
../src/helloworld.c:112:19: warning: passing argument 1 of 'XGpio_Initialize' from incompatible pointer type
  XGpio_Initialize(&echo, XPAR_XGPIO_DEVICE_ID);
                   ^
In file included from ../src/helloworld.c:53:0:
../../uart0_rangefinder_bsp/ps7_cortexa9_0/include/xgpio.h:161:5: note: expected 'struct XGpio *' but argument is of type 'struct XGpio (*)[10]'
 int XGpio_Initialize(XGpio *InstancePtr, u16 DeviceId);
     ^
../src/helloworld.c:118:3: warning: enumeration value 'POLL_SEND' not handled in switch [-Wswitch]
   switch(STATE)
   ^
../src/helloworld.c:107:10: warning: variable 'linefeedbuf' set but not used [-Wunused-but-set-variable]
     char linefeedbuf[3];
          ^
../src/helloworld.c:106:10: warning: variable 'databuf' set but not used [-Wunused-but-set-variable]
     char databuf[65][24];
          ^
../src/helloworld.c:105:10: warning: variable 'statusbuf' set but not used [-Wunused-but-set-variable]
     char statusbuf[5];
          ^
../src/helloworld.c:104:10: warning: variable 'echobuf' set but not used [-Wunused-but-set-variable]
     char echobuf[10];
          ^
make: *** [src/helloworld.o] Error 1
21:59:52 **** Auto Build of configuration Debug for project uart0_rangefinder ****
make pre-build main-build 
a9-linaro-pre-build-step
' '
'Building file: ../src/helloworld.c'
'Invoking: ARM v7 gcc compiler'
arm-none-eabi-gcc -Wall -O0 -g3 -c -fmessage-length=0 -MT"src/helloworld.o" -mcpu=cortex-a9 -mfpu=vfpv3 -mfloat-abi=hard -I../../uart0_rangefinder_bsp/ps7_cortexa9_0/include -MMD -MP -MF"src/helloworld.d" -MT"src/helloworld.o" -o "src/helloworld.o" "../src/helloworld.c"
../src/helloworld.c: In function 'main':
../src/helloworld.c:112:26: error: 'XPAR_XGPIO_0_DEVICE_ID' undeclared (first use in this function)
  XGpio_Initialize(&echo, XPAR_XGPIO_0_DEVICE_ID);
                          ^
../src/helloworld.c:112:26: note: each undeclared identifier is reported only once for each function it appears in
../src/helloworld.c:112:19: warning: passing argument 1 of 'XGpio_Initialize' from incompatible pointer type
  XGpio_Initialize(&echo, XPAR_XGPIO_0_DEVICE_ID);
                   ^
In file included from ../src/helloworld.c:53:0:
../../uart0_rangefinder_bsp/ps7_cortexa9_0/include/xgpio.h:161:5: note: expected 'struct XGpio *' but argument is of type 'struct XGpio (*)[10]'
 int XGpio_Initialize(XGpio *InstancePtr, u16 DeviceId);
     ^
../src/helloworld.c:118:3: warning: enumeration value 'POLL_SEND' not handled in switch [-Wswitch]
   switch(STATE)
   ^
../src/helloworld.c:107:10: warning: variable 'linefeedbuf' set but not used [-Wunused-but-set-variable]
     char linefeedbuf[3];
          ^
../src/helloworld.c:106:10: warning: variable 'databuf' set but not used [-Wunused-but-set-variable]
     char databuf[65][24];
          ^
../src/helloworld.c:105:10: warning: variable 'statusbuf' set but not used [-Wunused-but-set-variable]
     char statusbuf[5];
          ^
../src/helloworld.c:104:10: warning: variable 'echobuf' set but not used [-Wunused-but-set-variable]
     char echobuf[10];
          ^
make: *** [src/helloworld.o] Error 1
22:02:06 **** Auto Build of configuration Debug for project uart0_rangefinder ****
make pre-build main-build 
a9-linaro-pre-build-step
' '
'Building file: ../src/helloworld.c'
'Invoking: ARM v7 gcc compiler'
arm-none-eabi-gcc -Wall -O0 -g3 -c -fmessage-length=0 -MT"src/helloworld.o" -mcpu=cortex-a9 -mfpu=vfpv3 -mfloat-abi=hard -I../../uart0_rangefinder_bsp/ps7_cortexa9_0/include -MMD -MP -MF"src/helloworld.d" -MT"src/helloworld.o" -o "src/helloworld.o" "../src/helloworld.c"
../src/helloworld.c: In function 'main':
../src/helloworld.c:112:19: warning: passing argument 1 of 'XGpio_Initialize' from incompatible pointer type
  XGpio_Initialize(&echo, XPAR_PS7_GPIO_0_DEVICE_ID);
                   ^
In file included from ../src/helloworld.c:53:0:
../../uart0_rangefinder_bsp/ps7_cortexa9_0/include/xgpio.h:161:5: note: expected 'struct XGpio *' but argument is of type 'struct XGpio (*)[10]'
 int XGpio_Initialize(XGpio *InstancePtr, u16 DeviceId);
     ^
../src/helloworld.c:118:3: warning: enumeration value 'POLL_SEND' not handled in switch [-Wswitch]
   switch(STATE)
   ^
../src/helloworld.c:107:10: warning: variable 'linefeedbuf' set but not used [-Wunused-but-set-variable]
     char linefeedbuf[3];
          ^
../src/helloworld.c:106:10: warning: variable 'databuf' set but not used [-Wunused-but-set-variable]
     char databuf[65][24];
          ^
../src/helloworld.c:105:10: warning: variable 'statusbuf' set but not used [-Wunused-but-set-variable]
     char statusbuf[5];
          ^
../src/helloworld.c:104:10: warning: variable 'echobuf' set but not used [-Wunused-but-set-variable]
     char echobuf[10];
          ^
'Finished building: ../src/helloworld.c'
' '
'Building target: uart0_rangefinder.elf'
'Invoking: ARM v7 gcc linker'
arm-none-eabi-gcc -mcpu=cortex-a9 -mfpu=vfpv3 -mfloat-abi=hard -Wl,-build-id=none -specs=Xilinx.spec -Wl,-T -Wl,../src/lscript.ld -L../../uart0_rangefinder_bsp/ps7_cortexa9_0/lib -o "uart0_rangefinder.elf"  ./src/helloworld.o ./src/platform.o   -Wl,--start-group,-lxil,-lgcc,-lc,--end-group
'Finished building target: uart0_rangefinder.elf'
' '
'Invoking: ARM v7 Print Size'
arm-none-eabi-size uart0_rangefinder.elf  |tee "uart0_rangefinder.elf.size"
   text	   data	    bss	    dec	    hex	filename
  24560	   1168	  22580	  48308	   bcb4	uart0_rangefinder.elf
'Finished building: uart0_rangefinder.elf.size'
' '
22:12:24 **** Auto Build of configuration Debug for project uart0_rangefinder ****
make pre-build main-build 
a9-linaro-pre-build-step
' '
'Building file: ../src/helloworld.c'
'Invoking: ARM v7 gcc compiler'
arm-none-eabi-gcc -Wall -O0 -g3 -c -fmessage-length=0 -MT"src/helloworld.o" -mcpu=cortex-a9 -mfpu=vfpv3 -mfloat-abi=hard -I../../uart0_rangefinder_bsp/ps7_cortexa9_0/include -MMD -MP -MF"src/helloworld.d" -MT"src/helloworld.o" -o "src/helloworld.o" "../src/helloworld.c"
../src/helloworld.c: In function 'main':
../src/helloworld.c:112:5: error: 'data' undeclared (first use in this function)
     data = XIOModule_Initialize(&gpi, XPAR_IOMODULE_0_DEVICE_ID);
     ^
../src/helloworld.c:112:5: note: each undeclared identifier is reported only once for each function it appears in
../src/helloworld.c:112:5: warning: implicit declaration of function 'XIOModule_Initialize' [-Wimplicit-function-declaration]
../src/helloworld.c:112:34: error: 'gpi' undeclared (first use in this function)
     data = XIOModule_Initialize(&gpi, XPAR_IOMODULE_0_DEVICE_ID);
                                  ^
../src/helloworld.c:112:39: error: 'XPAR_IOMODULE_0_DEVICE_ID' undeclared (first use in this function)
     data = XIOModule_Initialize(&gpi, XPAR_IOMODULE_0_DEVICE_ID);
                                       ^
../src/helloworld.c:113:5: warning: implicit declaration of function 'XIOModule_Start' [-Wimplicit-function-declaration]
     data = XIOModule_Start(&gpi);
     ^
../src/helloworld.c:115:20: error: 'echo' undeclared (first use in this function)
  XGpio_Initialize(&echo, XPAR_PS7_GPIO_0_DEVICE_ID);
                    ^
../src/helloworld.c:121:3: warning: enumeration value 'POLL_SEND' not handled in switch [-Wswitch]
   switch(STATE)
   ^
../src/helloworld.c:110:8: warning: unused variable 'iomodule' [-Wunused-variable]
  XGpio iomodule;
        ^
../src/helloworld.c:107:10: warning: variable 'linefeedbuf' set but not used [-Wunused-but-set-variable]
     char linefeedbuf[3];
          ^
../src/helloworld.c:106:10: warning: variable 'databuf' set but not used [-Wunused-but-set-variable]
     char databuf[65][24];
          ^
../src/helloworld.c:105:10: warning: variable 'statusbuf' set but not used [-Wunused-but-set-variable]
     char statusbuf[5];
          ^
../src/helloworld.c:104:10: warning: variable 'echobuf' set but not used [-Wunused-but-set-variable]
     char echobuf[10];
          ^
make: *** [src/helloworld.o] Error 1
22:12:39 **** Auto Build of configuration Debug for project uart0_rangefinder ****
make pre-build main-build 
a9-linaro-pre-build-step
' '
'Building file: ../src/helloworld.c'
'Invoking: ARM v7 gcc compiler'
arm-none-eabi-gcc -Wall -O0 -g3 -c -fmessage-length=0 -MT"src/helloworld.o" -mcpu=cortex-a9 -mfpu=vfpv3 -mfloat-abi=hard -I../../uart0_rangefinder_bsp/ps7_cortexa9_0/include -MMD -MP -MF"src/helloworld.d" -MT"src/helloworld.o" -o "src/helloworld.o" "../src/helloworld.c"
../src/helloworld.c: In function 'main':
../src/helloworld.c:112:5: error: 'data' undeclared (first use in this function)
     data = XIOModule_Initialize(&gpi, XPAR_PS7_GPIO_0_DEVICE_ID);
     ^
../src/helloworld.c:112:5: note: each undeclared identifier is reported only once for each function it appears in
../src/helloworld.c:112:5: warning: implicit declaration of function 'XIOModule_Initialize' [-Wimplicit-function-declaration]
../src/helloworld.c:112:34: error: 'gpi' undeclared (first use in this function)
     data = XIOModule_Initialize(&gpi, XPAR_PS7_GPIO_0_DEVICE_ID);
                                  ^
../src/helloworld.c:113:5: warning: implicit declaration of function 'XIOModule_Start' [-Wimplicit-function-declaration]
     data = XIOModule_Start(&gpi);
     ^
../src/helloworld.c:115:20: error: 'echo' undeclared (first use in this function)
  XGpio_Initialize(&echo, XPAR_PS7_GPIO_0_DEVICE_ID);
                    ^
../src/helloworld.c:121:3: warning: enumeration value 'POLL_SEND' not handled in switch [-Wswitch]
   switch(STATE)
   ^
../src/helloworld.c:110:8: warning: unused variable 'iomodule' [-Wunused-variable]
  XGpio iomodule;
        ^
../src/helloworld.c:107:10: warning: variable 'linefeedbuf' set but not used [-Wunused-but-set-variable]
     char linefeedbuf[3];
          ^
../src/helloworld.c:106:10: warning: variable 'databuf' set but not used [-Wunused-but-set-variable]
     char databuf[65][24];
          ^
../src/helloworld.c:105:10: warning: variable 'statusbuf' set but not used [-Wunused-but-set-variable]
     char statusbuf[5];
          ^
../src/helloworld.c:104:10: warning: variable 'echobuf' set but not used [-Wunused-but-set-variable]
     char echobuf[10];
          ^
make: *** [src/helloworld.o] Error 1
22:12:49 **** Auto Build of configuration Debug for project uart0_rangefinder ****
make pre-build main-build 
a9-linaro-pre-build-step
' '
'Building file: ../src/helloworld.c'
'Invoking: ARM v7 gcc compiler'
arm-none-eabi-gcc -Wall -O0 -g3 -c -fmessage-length=0 -MT"src/helloworld.o" -mcpu=cortex-a9 -mfpu=vfpv3 -mfloat-abi=hard -I../../uart0_rangefinder_bsp/ps7_cortexa9_0/include -MMD -MP -MF"src/helloworld.d" -MT"src/helloworld.o" -o "src/helloworld.o" "../src/helloworld.c"
../src/helloworld.c: In function 'main':
../src/helloworld.c:112:5: warning: implicit declaration of function 'XIOModule_Initialize' [-Wimplicit-function-declaration]
     XIOModule_Initialize(&gpi, XPAR_PS7_GPIO_0_DEVICE_ID);
     ^
../src/helloworld.c:112:27: error: 'gpi' undeclared (first use in this function)
     XIOModule_Initialize(&gpi, XPAR_PS7_GPIO_0_DEVICE_ID);
                           ^
../src/helloworld.c:112:27: note: each undeclared identifier is reported only once for each function it appears in
../src/helloworld.c:113:5: warning: implicit declaration of function 'XIOModule_Start' [-Wimplicit-function-declaration]
     XIOModule_Start(&gpi);
     ^
../src/helloworld.c:115:20: error: 'echo' undeclared (first use in this function)
  XGpio_Initialize(&echo, XPAR_PS7_GPIO_0_DEVICE_ID);
                    ^
../src/helloworld.c:121:3: warning: enumeration value 'POLL_SEND' not handled in switch [-Wswitch]
   switch(STATE)
   ^
../src/helloworld.c:110:8: warning: unused variable 'iomodule' [-Wunused-variable]
  XGpio iomodule;
        ^
../src/helloworld.c:107:10: warning: variable 'linefeedbuf' set but not used [-Wunused-but-set-variable]
     char linefeedbuf[3];
          ^
../src/helloworld.c:106:10: warning: variable 'databuf' set but not used [-Wunused-but-set-variable]
     char databuf[65][24];
          ^
../src/helloworld.c:105:10: warning: variable 'statusbuf' set but not used [-Wunused-but-set-variable]
     char statusbuf[5];
          ^
../src/helloworld.c:104:10: warning: variable 'echobuf' set but not used [-Wunused-but-set-variable]
     char echobuf[10];
          ^
make: *** [src/helloworld.o] Error 1
22:15:21 **** Auto Build of configuration Debug for project uart0_rangefinder ****
make pre-build main-build 
a9-linaro-pre-build-step
' '
'Building file: ../src/helloworld.c'
'Invoking: ARM v7 gcc compiler'
arm-none-eabi-gcc -Wall -O0 -g3 -c -fmessage-length=0 -MT"src/helloworld.o" -mcpu=cortex-a9 -mfpu=vfpv3 -mfloat-abi=hard -I../../uart0_rangefinder_bsp/ps7_cortexa9_0/include -MMD -MP -MF"src/helloworld.d" -MT"src/helloworld.o" -o "src/helloworld.o" "../src/helloworld.c"
../src/helloworld.c: In function 'main':
../src/helloworld.c:112:5: warning: implicit declaration of function 'XIOModule_Initialize' [-Wimplicit-function-declaration]
     XIOModule_Initialize(&iomodule, XPAR_PS7_GPIO_0_DEVICE_ID);
     ^
../src/helloworld.c:113:5: warning: implicit declaration of function 'XIOModule_Start' [-Wimplicit-function-declaration]
     XIOModule_Start(&gpi);
     ^
../src/helloworld.c:113:22: error: 'gpi' undeclared (first use in this function)
     XIOModule_Start(&gpi);
                      ^
../src/helloworld.c:113:22: note: each undeclared identifier is reported only once for each function it appears in
../src/helloworld.c:115:5: error: 'rgb' undeclared (first use in this function)
     rgb = XIOModule_CfgInitialize(&iomodule, NULL, 2);
     ^
../src/helloworld.c:115:5: warning: implicit declaration of function 'XIOModule_CfgInitialize' [-Wimplicit-function-declaration]
../src/helloworld.c:117:20: error: 'echo' undeclared (first use in this function)
  XGpio_Initialize(&echo, XPAR_PS7_GPIO_0_DEVICE_ID);
                    ^
../src/helloworld.c:123:3: warning: enumeration value 'POLL_SEND' not handled in switch [-Wswitch]
   switch(STATE)
   ^
../src/helloworld.c:107:10: warning: variable 'linefeedbuf' set but not used [-Wunused-but-set-variable]
     char linefeedbuf[3];
          ^
../src/helloworld.c:106:10: warning: variable 'databuf' set but not used [-Wunused-but-set-variable]
     char databuf[65][24];
          ^
../src/helloworld.c:105:10: warning: variable 'statusbuf' set but not used [-Wunused-but-set-variable]
     char statusbuf[5];
          ^
../src/helloworld.c:104:10: warning: variable 'echobuf' set but not used [-Wunused-but-set-variable]
     char echobuf[10];
          ^
make: *** [src/helloworld.o] Error 1
22:15:31 **** Auto Build of configuration Debug for project uart0_rangefinder ****
make pre-build main-build 
a9-linaro-pre-build-step
' '
'Building file: ../src/helloworld.c'
'Invoking: ARM v7 gcc compiler'
arm-none-eabi-gcc -Wall -O0 -g3 -c -fmessage-length=0 -MT"src/helloworld.o" -mcpu=cortex-a9 -mfpu=vfpv3 -mfloat-abi=hard -I../../uart0_rangefinder_bsp/ps7_cortexa9_0/include -MMD -MP -MF"src/helloworld.d" -MT"src/helloworld.o" -o "src/helloworld.o" "../src/helloworld.c"
../src/helloworld.c: In function 'main':
../src/helloworld.c:112:5: warning: implicit declaration of function 'XIOModule_Initialize' [-Wimplicit-function-declaration]
     XIOModule_Initialize(&iomodule, XPAR_PS7_GPIO_0_DEVICE_ID);
     ^
../src/helloworld.c:113:5: warning: implicit declaration of function 'XIOModule_Start' [-Wimplicit-function-declaration]
     XIOModule_Start(&iomodule);
     ^
../src/helloworld.c:115:5: error: 'rgb' undeclared (first use in this function)
     rgb = XIOModule_CfgInitialize(&iomodule, NULL, 2);
     ^
../src/helloworld.c:115:5: note: each undeclared identifier is reported only once for each function it appears in
../src/helloworld.c:115:5: warning: implicit declaration of function 'XIOModule_CfgInitialize' [-Wimplicit-function-declaration]
../src/helloworld.c:117:20: error: 'echo' undeclared (first use in this function)
  XGpio_Initialize(&echo, XPAR_PS7_GPIO_0_DEVICE_ID);
                    ^
../src/helloworld.c:123:3: warning: enumeration value 'POLL_SEND' not handled in switch [-Wswitch]
   switch(STATE)
   ^
../src/helloworld.c:107:10: warning: variable 'linefeedbuf' set but not used [-Wunused-but-set-variable]
     char linefeedbuf[3];
          ^
../src/helloworld.c:106:10: warning: variable 'databuf' set but not used [-Wunused-but-set-variable]
     char databuf[65][24];
          ^
../src/helloworld.c:105:10: warning: variable 'statusbuf' set but not used [-Wunused-but-set-variable]
     char statusbuf[5];
          ^
../src/helloworld.c:104:10: warning: variable 'echobuf' set but not used [-Wunused-but-set-variable]
     char echobuf[10];
          ^
make: *** [src/helloworld.o] Error 1
22:37:21 **** Auto Build of configuration Debug for project uart0_rangefinder ****
make pre-build main-build 
a9-linaro-pre-build-step
' '
'Building file: ../src/helloworld.c'
'Invoking: ARM v7 gcc compiler'
arm-none-eabi-gcc -Wall -O0 -g3 -c -fmessage-length=0 -MT"src/helloworld.o" -mcpu=cortex-a9 -mfpu=vfpv3 -mfloat-abi=hard -I../../uart0_rangefinder_bsp/ps7_cortexa9_0/include -MMD -MP -MF"src/helloworld.d" -MT"src/helloworld.o" -o "src/helloworld.o" "../src/helloworld.c"
../src/helloworld.c: In function 'main':
../src/helloworld.c:115:2: error: 'for' loop initial declarations are only allowed in C99 or C11 mode
  for(int j=0; j<10; j++)
  ^
../src/helloworld.c:115:2: note: use option -std=c99, -std=gnu99, -std=c11 or -std=gnu11 to compile your code
../src/helloworld.c:117:11: error: 'i' undeclared (first use in this function)
      echo[i] = XIOModule_Initialize(&iomodule, XPAR_PS7_GPIO_0_DEVICE_ID);
           ^
../src/helloworld.c:117:11: note: each undeclared identifier is reported only once for each function it appears in
../src/helloworld.c:117:6: warning: implicit declaration of function 'XIOModule_Initialize' [-Wimplicit-function-declaration]
      echo[i] = XIOModule_Initialize(&iomodule, XPAR_PS7_GPIO_0_DEVICE_ID);
      ^
../src/helloworld.c:118:6: warning: implicit declaration of function 'XIOModule_Start' [-Wimplicit-function-declaration]
      echo[i] = XIOModule_Start(&gpo);
      ^
../src/helloworld.c:120:48: error: 'XPAR_IOMODULE_0_DEVICE_ID' undeclared (first use in this function)
      echo[i] = XIOModule_Initialize(&iomodule, XPAR_IOMODULE_0_DEVICE_ID);
                                                ^
../src/helloworld.c:123:6: warning: implicit declaration of function 'XIOModule_CfgInitialize' [-Wimplicit-function-declaration]
      echo[i] = XIOModule_CfgInitialize(&iomodule, NULL, 1);
      ^
../src/helloworld.c:163:10: error: assignment to expression with array type
     echo = echobuf;
          ^
../src/helloworld.c:165:5: warning: implicit declaration of function 'XIOModule_DiscreteWrite' [-Wimplicit-function-declaration]
     XIOModule_DiscreteWrite(&gpo, 2, echo);
     ^
../src/helloworld.c:131:3: warning: enumeration value 'POLL_SEND' not handled in switch [-Wswitch]
   switch(STATE)
   ^
../src/helloworld.c:107:10: warning: variable 'linefeedbuf' set but not used [-Wunused-but-set-variable]
     char linefeedbuf[3];
          ^
../src/helloworld.c:106:10: warning: variable 'databuf' set but not used [-Wunused-but-set-variable]
     char databuf[65][24];
          ^
../src/helloworld.c:105:10: warning: variable 'statusbuf' set but not used [-Wunused-but-set-variable]
     char statusbuf[5];
          ^
make: *** [src/helloworld.o] Error 1
22:37:50 **** Auto Build of configuration Debug for project uart0_rangefinder ****
make pre-build main-build 
a9-linaro-pre-build-step
' '
'Building file: ../src/helloworld.c'
'Invoking: ARM v7 gcc compiler'
arm-none-eabi-gcc -Wall -O0 -g3 -c -fmessage-length=0 -MT"src/helloworld.o" -mcpu=cortex-a9 -mfpu=vfpv3 -mfloat-abi=hard -I../../uart0_rangefinder_bsp/ps7_cortexa9_0/include -MMD -MP -MF"src/helloworld.d" -MT"src/helloworld.o" -o "src/helloworld.o" "../src/helloworld.c"
../src/helloworld.c: In function 'main':
../src/helloworld.c:117:2: warning: statement with no effect [-Wunused-value]
  for(j; j<10; j++)
  ^
../src/helloworld.c:119:11: error: 'i' undeclared (first use in this function)
      echo[i] = XIOModule_Initialize(&iomodule, XPAR_PS7_GPIO_0_DEVICE_ID);
           ^
../src/helloworld.c:119:11: note: each undeclared identifier is reported only once for each function it appears in
../src/helloworld.c:119:6: warning: implicit declaration of function 'XIOModule_Initialize' [-Wimplicit-function-declaration]
      echo[i] = XIOModule_Initialize(&iomodule, XPAR_PS7_GPIO_0_DEVICE_ID);
      ^
../src/helloworld.c:120:6: warning: implicit declaration of function 'XIOModule_Start' [-Wimplicit-function-declaration]
      echo[i] = XIOModule_Start(&gpo);
      ^
../src/helloworld.c:122:48: error: 'XPAR_IOMODULE_0_DEVICE_ID' undeclared (first use in this function)
      echo[i] = XIOModule_Initialize(&iomodule, XPAR_IOMODULE_0_DEVICE_ID);
                                                ^
../src/helloworld.c:125:6: warning: implicit declaration of function 'XIOModule_CfgInitialize' [-Wimplicit-function-declaration]
      echo[i] = XIOModule_CfgInitialize(&iomodule, NULL, 1);
      ^
../src/helloworld.c:165:10: error: assignment to expression with array type
     echo = echobuf;
          ^
../src/helloworld.c:167:5: warning: implicit declaration of function 'XIOModule_DiscreteWrite' [-Wimplicit-function-declaration]
     XIOModule_DiscreteWrite(&gpo, 2, echo);
     ^
../src/helloworld.c:133:3: warning: enumeration value 'POLL_SEND' not handled in switch [-Wswitch]
   switch(STATE)
   ^
../src/helloworld.c:107:10: warning: variable 'linefeedbuf' set but not used [-Wunused-but-set-variable]
     char linefeedbuf[3];
          ^
../src/helloworld.c:106:10: warning: variable 'databuf' set but not used [-Wunused-but-set-variable]
     char databuf[65][24];
          ^
../src/helloworld.c:105:10: warning: variable 'statusbuf' set but not used [-Wunused-but-set-variable]
     char statusbuf[5];
          ^
make: *** [src/helloworld.o] Error 1
22:38:17 **** Auto Build of configuration Debug for project uart0_rangefinder ****
make pre-build main-build 
a9-linaro-pre-build-step
' '
'Building file: ../src/helloworld.c'
'Invoking: ARM v7 gcc compiler'
arm-none-eabi-gcc -Wall -O0 -g3 -c -fmessage-length=0 -MT"src/helloworld.o" -mcpu=cortex-a9 -mfpu=vfpv3 -mfloat-abi=hard -I../../uart0_rangefinder_bsp/ps7_cortexa9_0/include -MMD -MP -MF"src/helloworld.d" -MT"src/helloworld.o" -o "src/helloworld.o" "../src/helloworld.c"
../src/helloworld.c: In function 'main':
../src/helloworld.c:117:2: warning: statement with no effect [-Wunused-value]
  for(j; j<10; j++)
  ^
../src/helloworld.c:119:11: error: 'i' undeclared (first use in this function)
      echo[i] = XIOModule_Initialize(&iomodule, XPAR_PS7_GPIO_0_DEVICE_ID);
           ^
../src/helloworld.c:119:11: note: each undeclared identifier is reported only once for each function it appears in
../src/helloworld.c:119:6: warning: implicit declaration of function 'XIOModule_Initialize' [-Wimplicit-function-declaration]
      echo[i] = XIOModule_Initialize(&iomodule, XPAR_PS7_GPIO_0_DEVICE_ID);
      ^
../src/helloworld.c:120:6: warning: implicit declaration of function 'XIOModule_Start' [-Wimplicit-function-declaration]
      echo[i] = XIOModule_Start(&gpo);
      ^
../src/helloworld.c:125:6: warning: implicit declaration of function 'XIOModule_CfgInitialize' [-Wimplicit-function-declaration]
      echo[i] = XIOModule_CfgInitialize(&iomodule, NULL, 1);
      ^
../src/helloworld.c:165:10: error: assignment to expression with array type
     echo = echobuf;
          ^
../src/helloworld.c:167:5: warning: implicit declaration of function 'XIOModule_DiscreteWrite' [-Wimplicit-function-declaration]
     XIOModule_DiscreteWrite(&gpo, 2, echo);
     ^
../src/helloworld.c:133:3: warning: enumeration value 'POLL_SEND' not handled in switch [-Wswitch]
   switch(STATE)
   ^
../src/helloworld.c:107:10: warning: variable 'linefeedbuf' set but not used [-Wunused-but-set-variable]
     char linefeedbuf[3];
          ^
../src/helloworld.c:106:10: warning: variable 'databuf' set but not used [-Wunused-but-set-variable]
     char databuf[65][24];
          ^
../src/helloworld.c:105:10: warning: variable 'statusbuf' set but not used [-Wunused-but-set-variable]
     char statusbuf[5];
          ^
make: *** [src/helloworld.o] Error 1
22:38:30 **** Auto Build of configuration Debug for project uart0_rangefinder ****
make pre-build main-build 
a9-linaro-pre-build-step
' '
'Building file: ../src/helloworld.c'
'Invoking: ARM v7 gcc compiler'
arm-none-eabi-gcc -Wall -O0 -g3 -c -fmessage-length=0 -MT"src/helloworld.o" -mcpu=cortex-a9 -mfpu=vfpv3 -mfloat-abi=hard -I../../uart0_rangefinder_bsp/ps7_cortexa9_0/include -MMD -MP -MF"src/helloworld.d" -MT"src/helloworld.o" -o "src/helloworld.o" "../src/helloworld.c"
../src/helloworld.c: In function 'main':
../src/helloworld.c:117:2: warning: statement with no effect [-Wunused-value]
  for(j; j<10; j++)
  ^
../src/helloworld.c:119:6: warning: implicit declaration of function 'XIOModule_Initialize' [-Wimplicit-function-declaration]
      echo[j] = XIOModule_Initialize(&iomodule, XPAR_PS7_GPIO_0_DEVICE_ID);
      ^
../src/helloworld.c:120:6: warning: implicit declaration of function 'XIOModule_Start' [-Wimplicit-function-declaration]
      echo[j] = XIOModule_Start(&gpo);
      ^
../src/helloworld.c:125:6: warning: implicit declaration of function 'XIOModule_CfgInitialize' [-Wimplicit-function-declaration]
      echo[j] = XIOModule_CfgInitialize(&iomodule, NULL, 1);
      ^
../src/helloworld.c:165:10: error: assignment to expression with array type
     echo = echobuf;
          ^
../src/helloworld.c:167:5: warning: implicit declaration of function 'XIOModule_DiscreteWrite' [-Wimplicit-function-declaration]
     XIOModule_DiscreteWrite(&gpo, 2, echo);
     ^
../src/helloworld.c:133:3: warning: enumeration value 'POLL_SEND' not handled in switch [-Wswitch]
   switch(STATE)
   ^
../src/helloworld.c:107:10: warning: variable 'linefeedbuf' set but not used [-Wunused-but-set-variable]
     char linefeedbuf[3];
          ^
../src/helloworld.c:106:10: warning: variable 'databuf' set but not used [-Wunused-but-set-variable]
     char databuf[65][24];
          ^
../src/helloworld.c:105:10: warning: variable 'statusbuf' set but not used [-Wunused-but-set-variable]
     char statusbuf[5];
          ^
make: *** [src/helloworld.o] Error 1
[...]
     char linefeed[3];
          ^
../src/helloworld.c:105:10: warning: variable 'status' set but not used [-Wunused-but-set-variable]
     char status[5];
          ^
make: *** [src/helloworld.o] Error 1
16:23:11 **** Auto Build of configuration Debug for project uart0_rangefinder ****
make pre-build main-build 
a9-linaro-pre-build-step
' '
'Building file: ../src/helloworld.c'
'Invoking: ARM v7 gcc compiler'
arm-none-eabi-gcc -Wall -O0 -g3 -c -fmessage-length=0 -MT"src/helloworld.o" -mcpu=cortex-a9 -mfpu=vfpv3 -mfloat-abi=hard -I../../uart0_rangefinder_bsp/ps7_cortexa9_0/include -MMD -MP -MF"src/helloworld.d" -MT"src/helloworld.o" -o "src/helloworld.o" "../src/helloworld.c"
../src/helloworld.c: In function 'main':
../src/helloworld.c:107:10: warning: variable 'linefeed' set but not used [-Wunused-but-set-variable]
     char linefeed[3];
          ^
../src/helloworld.c:105:10: warning: variable 'status' set but not used [-Wunused-but-set-variable]
     char status[5];
          ^
'Finished building: ../src/helloworld.c'
' '
'Building file: ../src/platform.c'
'Invoking: ARM v7 gcc compiler'
arm-none-eabi-gcc -Wall -O0 -g3 -c -fmessage-length=0 -MT"src/platform.o" -mcpu=cortex-a9 -mfpu=vfpv3 -mfloat-abi=hard -I../../uart0_rangefinder_bsp/ps7_cortexa9_0/include -MMD -MP -MF"src/platform.d" -MT"src/platform.o" -o "src/platform.o" "../src/platform.c"
'Finished building: ../src/platform.c'
' '
'Building target: uart0_rangefinder.elf'
'Invoking: ARM v7 gcc linker'
arm-none-eabi-gcc -mcpu=cortex-a9 -mfpu=vfpv3 -mfloat-abi=hard -Wl,-build-id=none -specs=Xilinx.spec -Wl,-T -Wl,../src/lscript.ld -L../../uart0_rangefinder_bsp/ps7_cortexa9_0/lib -o "uart0_rangefinder.elf"  ./src/helloworld.o ./src/platform.o   -Wl,--start-group,-lxil,-lgcc,-lc,--end-group
'Finished building target: uart0_rangefinder.elf'
' '
'Invoking: ARM v7 Print Size'
arm-none-eabi-size uart0_rangefinder.elf  |tee "uart0_rangefinder.elf.size"
   text	   data	    bss	    dec	    hex	filename
  25668	   1168	  22580	  49416	   c108	uart0_rangefinder.elf
'Finished building: uart0_rangefinder.elf.size'
' '
16:33:56 **** Auto Build of configuration Debug for project uart0_rangefinder ****
make pre-build main-build 
a9-linaro-pre-build-step
' '
'Building file: ../src/helloworld.c'
'Invoking: ARM v7 gcc compiler'
arm-none-eabi-gcc -Wall -O0 -g3 -c -fmessage-length=0 -MT"src/helloworld.o" -mcpu=cortex-a9 -mfpu=vfpv3 -mfloat-abi=hard -I../../uart0_rangefinder_bsp/ps7_cortexa9_0/include -MMD -MP -MF"src/helloworld.d" -MT"src/helloworld.o" -o "src/helloworld.o" "../src/helloworld.c"
../src/helloworld.c: In function 'main':
../src/helloworld.c:107:10: warning: variable 'linefeed' set but not used [-Wunused-but-set-variable]
     char linefeed[3];
          ^
../src/helloworld.c:105:10: warning: variable 'status' set but not used [-Wunused-but-set-variable]
     char status[5];
          ^
'Finished building: ../src/helloworld.c'
' '
'Building target: uart0_rangefinder.elf'
'Invoking: ARM v7 gcc linker'
arm-none-eabi-gcc -mcpu=cortex-a9 -mfpu=vfpv3 -mfloat-abi=hard -Wl,-build-id=none -specs=Xilinx.spec -Wl,-T -Wl,../src/lscript.ld -L../../uart0_rangefinder_bsp/ps7_cortexa9_0/lib -o "uart0_rangefinder.elf"  ./src/helloworld.o ./src/platform.o   -Wl,--start-group,-lxil,-lgcc,-lc,--end-group
'Finished building target: uart0_rangefinder.elf'
' '
'Invoking: ARM v7 Print Size'
arm-none-eabi-size uart0_rangefinder.elf  |tee "uart0_rangefinder.elf.size"
   text	   data	    bss	    dec	    hex	filename
  25732	   1168	  22580	  49480	   c148	uart0_rangefinder.elf
'Finished building: uart0_rangefinder.elf.size'
' '
16:38:06 **** Auto Build of configuration Debug for project uart0_rangefinder ****
make pre-build main-build 
a9-linaro-pre-build-step
' '
'Building file: ../src/helloworld.c'
'Invoking: ARM v7 gcc compiler'
arm-none-eabi-gcc -Wall -O0 -g3 -c -fmessage-length=0 -MT"src/helloworld.o" -mcpu=cortex-a9 -mfpu=vfpv3 -mfloat-abi=hard -I../../uart0_rangefinder_bsp/ps7_cortexa9_0/include -MMD -MP -MF"src/helloworld.d" -MT"src/helloworld.o" -o "src/helloworld.o" "../src/helloworld.c"
../src/helloworld.c: In function 'main':
../src/helloworld.c:107:10: warning: variable 'linefeed' set but not used [-Wunused-but-set-variable]
     char linefeed[3];
          ^
../src/helloworld.c:105:10: warning: variable 'status' set but not used [-Wunused-but-set-variable]
     char status[5];
          ^
'Finished building: ../src/helloworld.c'
' '
'Building target: uart0_rangefinder.elf'
'Invoking: ARM v7 gcc linker'
arm-none-eabi-gcc -mcpu=cortex-a9 -mfpu=vfpv3 -mfloat-abi=hard -Wl,-build-id=none -specs=Xilinx.spec -Wl,-T -Wl,../src/lscript.ld -L../../uart0_rangefinder_bsp/ps7_cortexa9_0/lib -o "uart0_rangefinder.elf"  ./src/helloworld.o ./src/platform.o   -Wl,--start-group,-lxil,-lgcc,-lc,--end-group
'Finished building target: uart0_rangefinder.elf'
' '
'Invoking: ARM v7 Print Size'
arm-none-eabi-size uart0_rangefinder.elf  |tee "uart0_rangefinder.elf.size"
   text	   data	    bss	    dec	    hex	filename
  25700	   1168	  22580	  49448	   c128	uart0_rangefinder.elf
'Finished building: uart0_rangefinder.elf.size'
' '
16:36:34 **** Auto Build of configuration Debug for project uart0_rangefinder ****
make pre-build main-build 
a9-linaro-pre-build-step
' '
make: Nothing to be done for `main-build'.
16:47:41 **** Auto Build of configuration Debug for project uart0_rangefinder ****
make pre-build main-build 
a9-linaro-pre-build-step
' '
'Building file: ../src/helloworld.c'
'Invoking: ARM v7 gcc compiler'
arm-none-eabi-gcc -Wall -O0 -g3 -c -fmessage-length=0 -MT"src/helloworld.o" -mcpu=cortex-a9 -mfpu=vfpv3 -mfloat-abi=hard -I../../uart0_rangefinder_bsp/ps7_cortexa9_0/include -MMD -MP -MF"src/helloworld.d" -MT"src/helloworld.o" -o "src/helloworld.o" "../src/helloworld.c"
../src/helloworld.c: In function 'main':
../src/helloworld.c:183:45: error: 'rxindex' undeclared (first use in this function)
       databufbuf[1-(iteration%2)] = databuf[rxindex];
                                             ^
../src/helloworld.c:183:45: note: each undeclared identifier is reported only once for each function it appears in
../src/helloworld.c:188:38: warning: passing argument 3 of 'XGpio_DiscreteWrite' makes integer from pointer without a cast
        XGpio_DiscreteWrite(&data, 1, databufbuf);
                                      ^
In file included from ../src/helloworld.c:53:0:
../../uart0_rangefinder_bsp/ps7_cortexa9_0/include/xgpio.h:173:6: note: expected 'u32' but argument is of type 'char *'
 void XGpio_DiscreteWrite(XGpio *InstancePtr, unsigned Channel, u32 Mask);
      ^
../src/helloworld.c:108:10: warning: variable 'linefeed' set but not used [-Wunused-but-set-variable]
     char linefeed[3];
          ^
../src/helloworld.c:106:10: warning: variable 'databuf' set but not used [-Wunused-but-set-variable]
     char databuf[65][24];
          ^
../src/helloworld.c:105:10: warning: variable 'status' set but not used [-Wunused-but-set-variable]
     char status[5];
          ^
make: *** [src/helloworld.o] Error 1
16:47:57 **** Auto Build of configuration Debug for project uart0_rangefinder ****
make pre-build main-build 
a9-linaro-pre-build-step
' '
'Building file: ../src/helloworld.c'
'Invoking: ARM v7 gcc compiler'
arm-none-eabi-gcc -Wall -O0 -g3 -c -fmessage-length=0 -MT"src/helloworld.o" -mcpu=cortex-a9 -mfpu=vfpv3 -mfloat-abi=hard -I../../uart0_rangefinder_bsp/ps7_cortexa9_0/include -MMD -MP -MF"src/helloworld.d" -MT"src/helloworld.o" -o "src/helloworld.o" "../src/helloworld.c"
../src/helloworld.c: In function 'main':
../src/helloworld.c:183:35: warning: assignment makes integer from pointer without a cast
       databufbuf[1-(iteration%2)] = databuf[rx_index];
                                   ^
../src/helloworld.c:188:38: warning: passing argument 3 of 'XGpio_DiscreteWrite' makes integer from pointer without a cast
        XGpio_DiscreteWrite(&data, 1, databufbuf);
                                      ^
In file included from ../src/helloworld.c:53:0:
../../uart0_rangefinder_bsp/ps7_cortexa9_0/include/xgpio.h:173:6: note: expected 'u32' but argument is of type 'char *'
 void XGpio_DiscreteWrite(XGpio *InstancePtr, unsigned Channel, u32 Mask);
      ^
../src/helloworld.c:108:10: warning: variable 'linefeed' set but not used [-Wunused-but-set-variable]
     char linefeed[3];
          ^
../src/helloworld.c:105:10: warning: variable 'status' set but not used [-Wunused-but-set-variable]
     char status[5];
          ^
'Finished building: ../src/helloworld.c'
' '
'Building target: uart0_rangefinder.elf'
'Invoking: ARM v7 gcc linker'
arm-none-eabi-gcc -mcpu=cortex-a9 -mfpu=vfpv3 -mfloat-abi=hard -Wl,-build-id=none -specs=Xilinx.spec -Wl,-T -Wl,../src/lscript.ld -L../../uart0_rangefinder_bsp/ps7_cortexa9_0/lib -o "uart0_rangefinder.elf"  ./src/helloworld.o ./src/platform.o   -Wl,--start-group,-lxil,-lgcc,-lc,--end-group
'Finished building target: uart0_rangefinder.elf'
' '
'Invoking: ARM v7 Print Size'
arm-none-eabi-size uart0_rangefinder.elf  |tee "uart0_rangefinder.elf.size"
   text	   data	    bss	    dec	    hex	filename
  25764	   1168	  22580	  49512	   c168	uart0_rangefinder.elf
'Finished building: uart0_rangefinder.elf.size'
' '
16:55:15 **** Auto Build of configuration Debug for project uart0_rangefinder ****
make pre-build main-build 
a9-linaro-pre-build-step
' '
'Building file: ../src/helloworld.c'
'Invoking: ARM v7 gcc compiler'
arm-none-eabi-gcc -Wall -O0 -g3 -c -fmessage-length=0 -MT"src/helloworld.o" -mcpu=cortex-a9 -mfpu=vfpv3 -mfloat-abi=hard -I../../uart0_rangefinder_bsp/ps7_cortexa9_0/include -MMD -MP -MF"src/helloworld.d" -MT"src/helloworld.o" -o "src/helloworld.o" "../src/helloworld.c"
../src/helloworld.c: In function 'main':
../src/helloworld.c:183:21: warning: assignment makes integer from pointer without a cast
       databufbuf[1] = databuf[rx_index];
                     ^
../src/helloworld.c:188:38: warning: passing argument 3 of 'XGpio_DiscreteWrite' makes integer from pointer without a cast
        XGpio_DiscreteWrite(&data, 1, databufbuf);
                                      ^
In file included from ../src/helloworld.c:53:0:
../../uart0_rangefinder_bsp/ps7_cortexa9_0/include/xgpio.h:173:6: note: expected 'u32' but argument is of type 'char *'
 void XGpio_DiscreteWrite(XGpio *InstancePtr, unsigned Channel, u32 Mask);
      ^
../src/helloworld.c:108:10: warning: variable 'linefeed' set but not used [-Wunused-but-set-variable]
     char linefeed[3];
          ^
../src/helloworld.c:105:10: warning: variable 'status' set but not used [-Wunused-but-set-variable]
     char status[5];
          ^
'Finished building: ../src/helloworld.c'
' '
'Building target: uart0_rangefinder.elf'
'Invoking: ARM v7 gcc linker'
arm-none-eabi-gcc -mcpu=cortex-a9 -mfpu=vfpv3 -mfloat-abi=hard -Wl,-build-id=none -specs=Xilinx.spec -Wl,-T -Wl,../src/lscript.ld -L../../uart0_rangefinder_bsp/ps7_cortexa9_0/lib -o "uart0_rangefinder.elf"  ./src/helloworld.o ./src/platform.o   -Wl,--start-group,-lxil,-lgcc,-lc,--end-group
'Finished building target: uart0_rangefinder.elf'
' '
'Invoking: ARM v7 Print Size'
arm-none-eabi-size uart0_rangefinder.elf  |tee "uart0_rangefinder.elf.size"
   text	   data	    bss	    dec	    hex	filename
  25732	   1168	  22580	  49480	   c148	uart0_rangefinder.elf
'Finished building: uart0_rangefinder.elf.size'
' '
16:55:43 **** Auto Build of configuration Debug for project uart0_rangefinder ****
make pre-build main-build 
a9-linaro-pre-build-step
' '
'Building file: ../src/helloworld.c'
'Invoking: ARM v7 gcc compiler'
arm-none-eabi-gcc -Wall -O0 -g3 -c -fmessage-length=0 -MT"src/helloworld.o" -mcpu=cortex-a9 -mfpu=vfpv3 -mfloat-abi=hard -I../../uart0_rangefinder_bsp/ps7_cortexa9_0/include -MMD -MP -MF"src/helloworld.d" -MT"src/helloworld.o" -o "src/helloworld.o" "../src/helloworld.c"
../src/helloworld.c: In function 'main':
../src/helloworld.c:183:21: warning: assignment makes integer from pointer without a cast
       databufbuf[1] = databuf[rx_index];
                     ^
../src/helloworld.c:188:38: warning: passing argument 3 of 'XGpio_DiscreteWrite' makes integer from pointer without a cast
        XGpio_DiscreteWrite(&data, 1, &databufbuf);
                                      ^
In file included from ../src/helloworld.c:53:0:
../../uart0_rangefinder_bsp/ps7_cortexa9_0/include/xgpio.h:173:6: note: expected 'u32' but argument is of type 'char (*)[2]'
 void XGpio_DiscreteWrite(XGpio *InstancePtr, unsigned Channel, u32 Mask);
      ^
../src/helloworld.c:108:10: warning: variable 'linefeed' set but not used [-Wunused-but-set-variable]
     char linefeed[3];
          ^
../src/helloworld.c:105:10: warning: variable 'status' set but not used [-Wunused-but-set-variable]
     char status[5];
          ^
'Finished building: ../src/helloworld.c'
' '
'Building target: uart0_rangefinder.elf'
'Invoking: ARM v7 gcc linker'
arm-none-eabi-gcc -mcpu=cortex-a9 -mfpu=vfpv3 -mfloat-abi=hard -Wl,-build-id=none -specs=Xilinx.spec -Wl,-T -Wl,../src/lscript.ld -L../../uart0_rangefinder_bsp/ps7_cortexa9_0/lib -o "uart0_rangefinder.elf"  ./src/helloworld.o ./src/platform.o   -Wl,--start-group,-lxil,-lgcc,-lc,--end-group
'Finished building target: uart0_rangefinder.elf'
' '
'Invoking: ARM v7 Print Size'
arm-none-eabi-size uart0_rangefinder.elf  |tee "uart0_rangefinder.elf.size"
   text	   data	    bss	    dec	    hex	filename
  25732	   1168	  22580	  49480	   c148	uart0_rangefinder.elf
'Finished building: uart0_rangefinder.elf.size'
' '
16:55:51 **** Auto Build of configuration Debug for project uart0_rangefinder ****
make pre-build main-build 
a9-linaro-pre-build-step
' '
'Building file: ../src/helloworld.c'
'Invoking: ARM v7 gcc compiler'
arm-none-eabi-gcc -Wall -O0 -g3 -c -fmessage-length=0 -MT"src/helloworld.o" -mcpu=cortex-a9 -mfpu=vfpv3 -mfloat-abi=hard -I../../uart0_rangefinder_bsp/ps7_cortexa9_0/include -MMD -MP -MF"src/helloworld.d" -MT"src/helloworld.o" -o "src/helloworld.o" "../src/helloworld.c"
../src/helloworld.c: In function 'main':
../src/helloworld.c:183:21: warning: assignment makes integer from pointer without a cast
       databufbuf[1] = databuf[rx_index];
                     ^
../src/helloworld.c:108:10: warning: variable 'linefeed' set but not used [-Wunused-but-set-variable]
     char linefeed[3];
          ^
../src/helloworld.c:105:10: warning: variable 'status' set but not used [-Wunused-but-set-variable]
     char status[5];
          ^
'Finished building: ../src/helloworld.c'
' '
'Building target: uart0_rangefinder.elf'
'Invoking: ARM v7 gcc linker'
arm-none-eabi-gcc -mcpu=cortex-a9 -mfpu=vfpv3 -mfloat-abi=hard -Wl,-build-id=none -specs=Xilinx.spec -Wl,-T -Wl,../src/lscript.ld -L../../uart0_rangefinder_bsp/ps7_cortexa9_0/lib -o "uart0_rangefinder.elf"  ./src/helloworld.o ./src/platform.o   -Wl,--start-group,-lxil,-lgcc,-lc,--end-group
'Finished building target: uart0_rangefinder.elf'
' '
'Invoking: ARM v7 Print Size'
arm-none-eabi-size uart0_rangefinder.elf  |tee "uart0_rangefinder.elf.size"
   text	   data	    bss	    dec	    hex	filename
  25732	   1168	  22580	  49480	   c148	uart0_rangefinder.elf
'Finished building: uart0_rangefinder.elf.size'
' '
16:56:25 **** Auto Build of configuration Debug for project uart0_rangefinder ****
make pre-build main-build 
a9-linaro-pre-build-step
' '
'Building file: ../src/helloworld.c'
'Invoking: ARM v7 gcc compiler'
arm-none-eabi-gcc -Wall -O0 -g3 -c -fmessage-length=0 -MT"src/helloworld.o" -mcpu=cortex-a9 -mfpu=vfpv3 -mfloat-abi=hard -I../../uart0_rangefinder_bsp/ps7_cortexa9_0/include -MMD -MP -MF"src/helloworld.d" -MT"src/helloworld.o" -o "src/helloworld.o" "../src/helloworld.c"
../src/helloworld.c: In function 'main':
../src/helloworld.c:108:10: warning: variable 'linefeed' set but not used [-Wunused-but-set-variable]
     char linefeed[3];
          ^
../src/helloworld.c:105:10: warning: variable 'status' set but not used [-Wunused-but-set-variable]
     char status[5];
          ^
'Finished building: ../src/helloworld.c'
' '
'Building target: uart0_rangefinder.elf'
'Invoking: ARM v7 gcc linker'
arm-none-eabi-gcc -mcpu=cortex-a9 -mfpu=vfpv3 -mfloat-abi=hard -Wl,-build-id=none -specs=Xilinx.spec -Wl,-T -Wl,../src/lscript.ld -L../../uart0_rangefinder_bsp/ps7_cortexa9_0/lib -o "uart0_rangefinder.elf"  ./src/helloworld.o ./src/platform.o   -Wl,--start-group,-lxil,-lgcc,-lc,--end-group
'Finished building target: uart0_rangefinder.elf'
' '
'Invoking: ARM v7 Print Size'
arm-none-eabi-size uart0_rangefinder.elf  |tee "uart0_rangefinder.elf.size"
   text	   data	    bss	    dec	    hex	filename
  25764	   1168	  22580	  49512	   c168	uart0_rangefinder.elf
'Finished building: uart0_rangefinder.elf.size'
' '
16:59:56 **** Auto Build of configuration Debug for project uart0_rangefinder ****
make pre-build main-build 
a9-linaro-pre-build-step
' '
'Building file: ../src/helloworld.c'
'Invoking: ARM v7 gcc compiler'
arm-none-eabi-gcc -Wall -O0 -g3 -c -fmessage-length=0 -MT"src/helloworld.o" -mcpu=cortex-a9 -mfpu=vfpv3 -mfloat-abi=hard -I../../uart0_rangefinder_bsp/ps7_cortexa9_0/include -MMD -MP -MF"src/helloworld.d" -MT"src/helloworld.o" -o "src/helloworld.o" "../src/helloworld.c"
../src/helloworld.c: In function 'main':
../src/helloworld.c:108:10: warning: variable 'linefeed' set but not used [-Wunused-but-set-variable]
     char linefeed[3];
          ^
../src/helloworld.c:105:10: warning: variable 'status' set but not used [-Wunused-but-set-variable]
     char status[5];
          ^
'Finished building: ../src/helloworld.c'
' '
'Building target: uart0_rangefinder.elf'
'Invoking: ARM v7 gcc linker'
arm-none-eabi-gcc -mcpu=cortex-a9 -mfpu=vfpv3 -mfloat-abi=hard -Wl,-build-id=none -specs=Xilinx.spec -Wl,-T -Wl,../src/lscript.ld -L../../uart0_rangefinder_bsp/ps7_cortexa9_0/lib -o "uart0_rangefinder.elf"  ./src/helloworld.o ./src/platform.o   -Wl,--start-group,-lxil,-lgcc,-lc,--end-group
'Finished building target: uart0_rangefinder.elf'
' '
'Invoking: ARM v7 Print Size'
arm-none-eabi-size uart0_rangefinder.elf  |tee "uart0_rangefinder.elf.size"
   text	   data	    bss	    dec	    hex	filename
  25764	   1168	  22580	  49512	   c168	uart0_rangefinder.elf
'Finished building: uart0_rangefinder.elf.size'
' '
17:21:08 **** Auto Build of configuration Debug for project uart0_rangefinder ****
make pre-build main-build 
a9-linaro-pre-build-step
' '
'Building file: ../src/helloworld.c'
'Invoking: ARM v7 gcc compiler'
arm-none-eabi-gcc -Wall -O0 -g3 -c -fmessage-length=0 -MT"src/helloworld.o" -mcpu=cortex-a9 -mfpu=vfpv3 -mfloat-abi=hard -I../../uart0_rangefinder_bsp/ps7_cortexa9_0/include -MMD -MP -MF"src/helloworld.d" -MT"src/helloworld.o" -o "src/helloworld.o" "../src/helloworld.c"
../src/helloworld.c: In function 'main':
../src/helloworld.c:108:10: warning: variable 'linefeed' set but not used [-Wunused-but-set-variable]
     char linefeed[3];
          ^
../src/helloworld.c:105:10: warning: variable 'status' set but not used [-Wunused-but-set-variable]
     char status[5];
          ^
'Finished building: ../src/helloworld.c'
' '
'Building target: uart0_rangefinder.elf'
'Invoking: ARM v7 gcc linker'
arm-none-eabi-gcc -mcpu=cortex-a9 -mfpu=vfpv3 -mfloat-abi=hard -Wl,-build-id=none -specs=Xilinx.spec -Wl,-T -Wl,../src/lscript.ld -L../../uart0_rangefinder_bsp/ps7_cortexa9_0/lib -o "uart0_rangefinder.elf"  ./src/helloworld.o ./src/platform.o   -Wl,--start-group,-lxil,-lgcc,-lc,--end-group
'Finished building target: uart0_rangefinder.elf'
' '
'Invoking: ARM v7 Print Size'
arm-none-eabi-size uart0_rangefinder.elf  |tee "uart0_rangefinder.elf.size"
   text	   data	    bss	    dec	    hex	filename
  25892	   1168	  22580	  49640	   c1e8	uart0_rangefinder.elf
'Finished building: uart0_rangefinder.elf.size'
' '
11:03:50 **** Auto Build of configuration Debug for project uart0_rangefinder ****
make pre-build main-build 
a9-linaro-pre-build-step
' '
make: Nothing to be done for `main-build'.
