Copyright 1986-2016 Xilinx, Inc. All Rights Reserved.
---------------------------------------------------------------------------------------
| Tool Version : Vivado v.2016.2 (win64) Build 1577090 Thu Jun  2 16:32:40 MDT 2016
| Date         : Wed Nov 02 21:13:58 2016
| Host         : Georges-T460p running 64-bit major release  (build 9200)
| Command      : report_control_sets -verbose -file bd_wrapper_control_sets_placed.rpt
| Design       : bd_wrapper
| Device       : xc7z020
---------------------------------------------------------------------------------------

Control Set Information

Table of Contents
-----------------
1. Summary
2. Flip-Flop Distribution
3. Detailed Control Set Information

1. Summary
----------

+----------------------------------------------------------+-------+
|                          Status                          | Count |
+----------------------------------------------------------+-------+
| Number of unique control sets                            |    54 |
| Unused register locations in slices containing registers |   141 |
+----------------------------------------------------------+-------+


2. Flip-Flop Distribution
-------------------------

+--------------+-----------------------+------------------------+-----------------+--------------+
| Clock Enable | Synchronous Set/Reset | Asynchronous Set/Reset | Total Registers | Total Slices |
+--------------+-----------------------+------------------------+-----------------+--------------+
| No           | No                    | No                     |             116 |           31 |
| No           | No                    | Yes                    |               0 |            0 |
| No           | Yes                   | No                     |             114 |           38 |
| Yes          | No                    | No                     |             287 |           67 |
| Yes          | No                    | Yes                    |               0 |            0 |
| Yes          | Yes                   | No                     |             198 |           43 |
+--------------+-----------------------+------------------------+-----------------+--------------+


3. Detailed Control Set Information
-----------------------------------

+-------------------------------------------------------+----------------------------------------------------------------------------------------------------------------------------------------------------------+-----------------------------------------------------------------------------------------------------------------------------------------------------+------------------+----------------+
|                      Clock Signal                     |                                                                       Enable Signal                                                                      |                                                                   Set/Reset Signal                                                                  | Slice Load Count | Bel Load Count |
+-------------------------------------------------------+----------------------------------------------------------------------------------------------------------------------------------------------------------+-----------------------------------------------------------------------------------------------------------------------------------------------------+------------------+----------------+
|  bd_i/ZedCamAXI_0/inst/custom_code/mmcm/inst/clk_out1 |                                                                                                                                                          |                                                                                                                                                     |                1 |              1 |
|  bd_i/ZedCamAXI_0/inst/custom_code/mmcm/inst/clk_out1 |                                                                                                                                                          | bd_i/ZedCamAXI_0/inst/custom_code/vgaOut/HS0                                                                                                        |                1 |              1 |
|  bd_i/ZedCamAXI_0/inst/custom_code/mmcm/inst/clk_out1 |                                                                                                                                                          | bd_i/ZedCamAXI_0/inst/custom_code/vgaOut/VS0                                                                                                        |                1 |              1 |
|  bd_i/ZedCamAXI_0/inst/custom_code/mmcm/inst/clk_out3 | bd_i/ZedCamAXI_0/inst/custom_code/fifo_buffer/trigger_i_1_n_0                                                                                            |                                                                                                                                                     |                1 |              1 |
|  bd_i/processing_system7_0/inst/FCLK_CLK0             | bd_i/processing_system7_0_axi_periph/s00_couplers/auto_pc/inst/gen_axilite.gen_b2s_conv.axilite_b2s/WR.b_channel_0/bid_fifo_0/bresp_push                 |                                                                                                                                                     |                1 |              2 |
|  bd_i/processing_system7_0/inst/FCLK_CLK0             | bd_i/processing_system7_0_axi_periph/s00_couplers/auto_pc/inst/gen_axilite.gen_b2s_conv.axilite_b2s/WR.aw_channel_0/aw_cmd_fsm_0/axaddr_incr_reg[11]     |                                                                                                                                                     |                1 |              4 |
|  bd_i/processing_system7_0/inst/FCLK_CLK0             | bd_i/processing_system7_0_axi_periph/s00_couplers/auto_pc/inst/gen_axilite.gen_b2s_conv.axilite_b2s/RD.ar_channel_0/ar_cmd_fsm_0/axlen_cnt_reg[3][0]     | bd_i/processing_system7_0_axi_periph/s00_couplers/auto_pc/inst/gen_axilite.gen_b2s_conv.axilite_b2s/RD.ar_channel_0/ar_cmd_fsm_0/axlen_cnt_reg[7]   |                1 |              4 |
|  bd_i/processing_system7_0/inst/FCLK_CLK0             | bd_i/processing_system7_0_axi_periph/s00_couplers/auto_pc/inst/gen_axilite.gen_b2s_conv.axilite_b2s/RD.ar_channel_0/ar_cmd_fsm_0/E[0]                    |                                                                                                                                                     |                2 |              4 |
|  bd_i/processing_system7_0/inst/FCLK_CLK0             | bd_i/processing_system7_0_axi_periph/s00_couplers/auto_pc/inst/gen_axilite.gen_b2s_conv.axilite_b2s/RD.ar_channel_0/ar_cmd_fsm_0/axaddr_incr_reg[11]     |                                                                                                                                                     |                1 |              4 |
|  bd_i/processing_system7_0/inst/FCLK_CLK0             |                                                                                                                                                          | bd_i/processing_system7_0_axi_periph/s00_couplers/auto_pc/inst/gen_axilite.gen_b2s_conv.axilite_b2s/SI_REG/ar_pipe/m_valid_i_reg_0                  |                3 |              4 |
|  bd_i/processing_system7_0/inst/FCLK_CLK0             |                                                                                                                                                          | bd_i/processing_system7_0_axi_periph/s00_couplers/auto_pc/inst/gen_axilite.gen_b2s_conv.axilite_b2s/SI_REG/aw_pipe/s_ready_i_reg_0                  |                3 |              4 |
|  bd_i/processing_system7_0/inst/FCLK_CLK0             |                                                                                                                                                          | bd_i/rst_processing_system7_0_100M/U0/EXT_LPF/lpf_int                                                                                               |                2 |              4 |
|  bd_i/processing_system7_0/inst/FCLK_CLK0             | bd_i/processing_system7_0_axi_periph/s00_couplers/auto_pc/inst/gen_axilite.gen_b2s_conv.axilite_b2s/WR.aw_channel_0/aw_cmd_fsm_0/E[0]                    |                                                                                                                                                     |                2 |              4 |
|  bd_i/processing_system7_0/inst/FCLK_CLK0             | bd_i/processing_system7_0_axi_periph/s00_couplers/auto_pc/inst/gen_axilite.gen_b2s_conv.axilite_b2s/WR.aw_channel_0/aw_cmd_fsm_0/axlen_cnt_reg[3][0]     | bd_i/processing_system7_0_axi_periph/s00_couplers/auto_pc/inst/gen_axilite.gen_b2s_conv.axilite_b2s/WR.aw_channel_0/aw_cmd_fsm_0/axlen_cnt_reg[7]_1 |                1 |              4 |
|  bd_i/ZedCamAXI_0/inst/custom_code/clks/count_reg[0]  |                                                                                                                                                          |                                                                                                                                                     |                2 |              6 |
|  bd_i/processing_system7_0/inst/FCLK_CLK0             | bd_i/rst_processing_system7_0_100M/U0/SEQ/seq_cnt_en                                                                                                     | bd_i/rst_processing_system7_0_100M/U0/SEQ/SEQ_COUNTER/clear                                                                                         |                1 |              6 |
|  bd_i/ZedCamAXI_0/inst/custom_code/mmcm/inst/clk_out3 |                                                                                                                                                          |                                                                                                                                                     |                2 |              6 |
|  bd_i/processing_system7_0/inst/FCLK_CLK0             | bd_i/ZedCamAXI_0/inst/ZedCamAXI_v0_1_S_AXI_inst/p_1_in[31]                                                                                               | bd_i/ZedCamAXI_0/inst/ZedCamAXI_v0_1_S_AXI_inst/axi_awready_i_1_n_0                                                                                 |                1 |              8 |
|  bd_i/processing_system7_0/inst/FCLK_CLK0             | bd_i/ZedCamAXI_0/inst/ZedCamAXI_v0_1_S_AXI_inst/p_1_in[23]                                                                                               | bd_i/ZedCamAXI_0/inst/ZedCamAXI_v0_1_S_AXI_inst/axi_awready_i_1_n_0                                                                                 |                1 |              8 |
|  bd_i/processing_system7_0/inst/FCLK_CLK0             | bd_i/ZedCamAXI_0/inst/ZedCamAXI_v0_1_S_AXI_inst/p_1_in[15]                                                                                               | bd_i/ZedCamAXI_0/inst/ZedCamAXI_v0_1_S_AXI_inst/axi_awready_i_1_n_0                                                                                 |                1 |              8 |
|  bd_i/processing_system7_0/inst/FCLK_CLK0             | bd_i/ZedCamAXI_0/inst/ZedCamAXI_v0_1_S_AXI_inst/slv_reg2[7]_i_1_n_0                                                                                      | bd_i/ZedCamAXI_0/inst/ZedCamAXI_v0_1_S_AXI_inst/axi_awready_i_1_n_0                                                                                 |                1 |              8 |
|  bd_i/processing_system7_0/inst/FCLK_CLK0             | bd_i/ZedCamAXI_0/inst/ZedCamAXI_v0_1_S_AXI_inst/p_1_in[7]                                                                                                | bd_i/ZedCamAXI_0/inst/ZedCamAXI_v0_1_S_AXI_inst/axi_awready_i_1_n_0                                                                                 |                1 |              8 |
|  bd_i/processing_system7_0/inst/FCLK_CLK0             | bd_i/ZedCamAXI_0/inst/ZedCamAXI_v0_1_S_AXI_inst/slv_reg1[15]_i_1_n_0                                                                                     | bd_i/ZedCamAXI_0/inst/ZedCamAXI_v0_1_S_AXI_inst/axi_awready_i_1_n_0                                                                                 |                1 |              8 |
|  bd_i/processing_system7_0/inst/FCLK_CLK0             | bd_i/ZedCamAXI_0/inst/ZedCamAXI_v0_1_S_AXI_inst/slv_reg1[23]_i_1_n_0                                                                                     | bd_i/ZedCamAXI_0/inst/ZedCamAXI_v0_1_S_AXI_inst/axi_awready_i_1_n_0                                                                                 |                1 |              8 |
|  bd_i/processing_system7_0/inst/FCLK_CLK0             | bd_i/ZedCamAXI_0/inst/ZedCamAXI_v0_1_S_AXI_inst/slv_reg1[31]_i_1_n_0                                                                                     | bd_i/ZedCamAXI_0/inst/ZedCamAXI_v0_1_S_AXI_inst/axi_awready_i_1_n_0                                                                                 |                1 |              8 |
|  bd_i/processing_system7_0/inst/FCLK_CLK0             | bd_i/ZedCamAXI_0/inst/ZedCamAXI_v0_1_S_AXI_inst/slv_reg1[7]_i_1_n_0                                                                                      | bd_i/ZedCamAXI_0/inst/ZedCamAXI_v0_1_S_AXI_inst/axi_awready_i_1_n_0                                                                                 |                2 |              8 |
|  bd_i/processing_system7_0/inst/FCLK_CLK0             | bd_i/ZedCamAXI_0/inst/ZedCamAXI_v0_1_S_AXI_inst/slv_reg2[15]_i_1_n_0                                                                                     | bd_i/ZedCamAXI_0/inst/ZedCamAXI_v0_1_S_AXI_inst/axi_awready_i_1_n_0                                                                                 |                1 |              8 |
|  bd_i/processing_system7_0/inst/FCLK_CLK0             | bd_i/ZedCamAXI_0/inst/ZedCamAXI_v0_1_S_AXI_inst/slv_reg2[23]_i_1_n_0                                                                                     | bd_i/ZedCamAXI_0/inst/ZedCamAXI_v0_1_S_AXI_inst/axi_awready_i_1_n_0                                                                                 |                2 |              8 |
|  bd_i/processing_system7_0/inst/FCLK_CLK0             | bd_i/ZedCamAXI_0/inst/ZedCamAXI_v0_1_S_AXI_inst/slv_reg2[31]_i_1_n_0                                                                                     | bd_i/ZedCamAXI_0/inst/ZedCamAXI_v0_1_S_AXI_inst/axi_awready_i_1_n_0                                                                                 |                1 |              8 |
|  bd_i/processing_system7_0/inst/FCLK_CLK0             | bd_i/processing_system7_0_axi_periph/s00_couplers/auto_pc/inst/gen_axilite.gen_b2s_conv.axilite_b2s/WR.b_channel_0/mhandshake_r                          | bd_i/processing_system7_0_axi_periph/s00_couplers/auto_pc/inst/gen_axilite.gen_b2s_conv.axilite_b2s/WR.b_channel_0/bid_fifo_0/SR[0]                 |                2 |              8 |
|  bd_i/processing_system7_0/inst/FCLK_CLK0             |                                                                                                                                                          | bd_i/ZedCamAXI_0/inst/ZedCamAXI_v0_1_S_AXI_inst/axi_awready_i_1_n_0                                                                                 |                3 |              9 |
|  bd_i/ZedCamAXI_0/inst/custom_code/mmcm/inst/clk_out3 | bd_i/ZedCamAXI_0/inst/custom_code/fifo_buffer/state[0]                                                                                                   | bd_i/ZedCamAXI_0/inst/custom_code/fifo_buffer/pixel[9]_i_1_n_0                                                                                      |                4 |              9 |
|  bd_i/ZedCamAXI_0/inst/custom_code/mmcm/inst/clk_out1 |                                                                                                                                                          | bd_i/ZedCamAXI_0/inst/custom_code/vgaOut/SR[0]                                                                                                      |                4 |             11 |
|  bd_i/ZedCamAXI_0/inst/custom_code/mmcm/inst/clk_out1 | bd_i/ZedCamAXI_0/inst/custom_code/vgaOut/E[0]                                                                                                            | bd_i/ZedCamAXI_0/inst/custom_code/vgaOut/vcounter_reg[10]_0[0]                                                                                      |                3 |             11 |
|  bd_i/ZedCamAXI_0/inst/custom_code/mmcm/inst/clk_out2 | bd_i/ZedCamAXI_0/inst/custom_code/sel                                                                                                                    | cam_rst_IBUF                                                                                                                                        |                3 |             12 |
|  bd_i/processing_system7_0/inst/FCLK_CLK0             | bd_i/processing_system7_0_axi_periph/s00_couplers/auto_pc/inst/gen_axilite.gen_b2s_conv.axilite_b2s/RD.ar_channel_0/ar_cmd_fsm_0/axlen_cnt_reg[3][0]     |                                                                                                                                                     |                5 |             12 |
|  bd_i/processing_system7_0/inst/FCLK_CLK0             | bd_i/processing_system7_0_axi_periph/s00_couplers/auto_pc/inst/gen_axilite.gen_b2s_conv.axilite_b2s/WR.aw_channel_0/aw_cmd_fsm_0/axlen_cnt_reg[3][0]     |                                                                                                                                                     |                5 |             12 |
|  bd_i/processing_system7_0/inst/FCLK_CLK0             | bd_i/processing_system7_0_axi_periph/s00_couplers/auto_pc/inst/gen_axilite.gen_b2s_conv.axilite_b2s/RD.r_channel_0/r_push_r                              |                                                                                                                                                     |                4 |             13 |
|  bd_i/processing_system7_0/inst/FCLK_CLK0             | bd_i/processing_system7_0_axi_periph/s00_couplers/auto_pc/inst/gen_axilite.gen_b2s_conv.axilite_b2s/SI_REG/b_pipe/p_1_in                                 |                                                                                                                                                     |                3 |             14 |
|  bd_i/processing_system7_0/inst/FCLK_CLK0             | bd_i/processing_system7_0_axi_periph/s00_couplers/auto_pc/inst/gen_axilite.gen_b2s_conv.axilite_b2s/SI_REG/b_pipe/skid_buffer_reg[0]_0                   |                                                                                                                                                     |                3 |             14 |
|  bd_i/ZedCamAXI_0/inst/custom_code/mmcm/inst/clk_out1 | bd_i/ZedCamAXI_0/inst/custom_code/vgaOut/enb                                                                                                             |                                                                                                                                                     |                5 |             16 |
|  bd_i/ZedCamAXI_0/inst/custom_code/mmcm/inst/clk_out3 | bd_i/ZedCamAXI_0/inst/custom_code/fifo_buffer/num_lines[15]_i_2_n_0                                                                                      | bd_i/ZedCamAXI_0/inst/custom_code/fifo_buffer/num_lines[15]_i_1_n_0                                                                                 |                5 |             16 |
|  bd_i/processing_system7_0/inst/FCLK_CLK0             | bd_i/processing_system7_0_axi_periph/s00_couplers/auto_pc/inst/gen_axilite.gen_b2s_conv.axilite_b2s/WR.aw_channel_0/aw_cmd_fsm_0/axlen_cnt_reg[7]_2      |                                                                                                                                                     |                5 |             20 |
|  bd_i/ZedCamAXI_0/inst/custom_code/mmcm/inst/clk_out2 |                                                                                                                                                          | reset_IBUF                                                                                                                                          |                7 |             21 |
|  bd_i/processing_system7_0/inst/FCLK_CLK0             | bd_i/processing_system7_0_axi_periph/s00_couplers/auto_pc/inst/gen_axilite.gen_b2s_conv.axilite_b2s/RD.ar_channel_0/ar_cmd_fsm_0/m_payload_i_reg[0]_1[0] |                                                                                                                                                     |                6 |             27 |
|  bd_i/processing_system7_0/inst/FCLK_CLK0             | bd_i/processing_system7_0_axi_periph/s00_couplers/auto_pc/inst/gen_axilite.gen_b2s_conv.axilite_b2s/WR.aw_channel_0/aw_cmd_fsm_0/m_payload_i_reg[0][0]   |                                                                                                                                                     |                6 |             27 |
|  bd_i/processing_system7_0/inst/FCLK_CLK0             | bd_i/processing_system7_0_axi_periph/s00_couplers/auto_pc/inst/gen_axilite.gen_b2s_conv.axilite_b2s/SI_REG/ar_pipe/skid_buffer_reg[0]_0                  |                                                                                                                                                     |                4 |             27 |
|  bd_i/processing_system7_0/inst/FCLK_CLK0             | bd_i/processing_system7_0_axi_periph/s00_couplers/auto_pc/inst/gen_axilite.gen_b2s_conv.axilite_b2s/SI_REG/aw_pipe/skid_buffer_reg[0]_0                  |                                                                                                                                                     |                5 |             27 |
|  bd_i/processing_system7_0/inst/FCLK_CLK0             | bd_i/ZedCamAXI_0/inst/ZedCamAXI_v0_1_S_AXI_inst/slv_reg_rden__0                                                                                          | bd_i/ZedCamAXI_0/inst/ZedCamAXI_v0_1_S_AXI_inst/axi_awready_i_1_n_0                                                                                 |                9 |             32 |
|  bd_i/processing_system7_0/inst/FCLK_CLK0             | bd_i/processing_system7_0_axi_periph/s00_couplers/auto_pc/inst/gen_axilite.gen_b2s_conv.axilite_b2s/RD.r_channel_0/rd_data_fifo_0/wr_en0                 |                                                                                                                                                     |                9 |             34 |
|  bd_i/processing_system7_0/inst/FCLK_CLK0             | bd_i/processing_system7_0_axi_periph/s00_couplers/auto_pc/inst/gen_axilite.gen_b2s_conv.axilite_b2s/SI_REG/r_pipe/p_1_in                                 |                                                                                                                                                     |                9 |             47 |
|  bd_i/processing_system7_0/inst/FCLK_CLK0             | bd_i/processing_system7_0_axi_periph/s00_couplers/auto_pc/inst/gen_axilite.gen_b2s_conv.axilite_b2s/SI_REG/r_pipe/skid_buffer_reg[0]_0                   |                                                                                                                                                     |                9 |             47 |
|  bd_i/processing_system7_0/inst/FCLK_CLK0             |                                                                                                                                                          | bd_i/processing_system7_0_axi_periph/s00_couplers/auto_pc/inst/gen_axilite.gen_b2s_conv.axilite_b2s/areset_d1                                       |               14 |             59 |
|  bd_i/processing_system7_0/inst/FCLK_CLK0             |                                                                                                                                                          |                                                                                                                                                     |               27 |            104 |
+-------------------------------------------------------+----------------------------------------------------------------------------------------------------------------------------------------------------------+-----------------------------------------------------------------------------------------------------------------------------------------------------+------------------+----------------+


