19:18:31 **** Incremental Build of configuration Debug for project ZedCameraController ****
make pre-build main-build 
a9-linaro-pre-build-step
' '
make: Nothing to be done for `main-build'.
19:20:48 **** Auto Build of configuration Debug for project ZedCameraController ****
make pre-build main-build 
a9-linaro-pre-build-step
' '
'Building file: ../src/helloworld.c'
'Invoking: ARM v7 gcc compiler'
arm-none-eabi-gcc -Wall -O0 -g3 -c -fmessage-length=0 -MT"src/helloworld.o" -mcpu=cortex-a9 -mfpu=vfpv3 -mfloat-abi=hard -I../../ZedCameraController_bsp/ps7_cortexa9_0/include -MMD -MP -MF"src/helloworld.d" -MT"src/helloworld.o" -o "src/helloworld.o" "../src/helloworld.c"
In file included from ../src/helloworld.c:54:0:
../../ZedCameraController_bsp/ps7_cortexa9_0/include/xbasic_types.h:115:2: warning: #warning The xbasics_type.h file is deprecated and users should use xil_types.h and xil_assert. [-Wcpp]
 #warning  The xbasics_type.h file is deprecated and users should use xil_types.h and xil_assert.
  ^
../../ZedCameraController_bsp/ps7_cortexa9_0/include/xbasic_types.h:116:2: warning: #warning Please refer the Standalone BSP UG647 for further details [-Wcpp]
 #warning  Please refer the Standalone BSP UG647 for further details
  ^
../src/helloworld.c: In function 'main':
../src/helloworld.c:70:21: warning: passing argument 1 of 'Xil_In32' makes integer from pointer without a cast
     temp = Xil_In32(CAM_AXI+REGISTER_0_OFFSET);
                     ^
In file included from ../../ZedCameraController_bsp/ps7_cortexa9_0/include/xgpiops_hw.h:67:0,
                 from ../../ZedCameraController_bsp/ps7_cortexa9_0/include/xgpiops.h:114,
                 from ../src/helloworld.c:51:
../../ZedCameraController_bsp/ps7_cortexa9_0/include/xil_io.h:227:5: note: expected 'UINTPTR' but argument is of type 'Xuint32 *'
 u32 Xil_In32(UINTPTR Addr);
     ^
../src/helloworld.c:72:21: warning: passing argument 1 of 'Xil_In32' makes integer from pointer without a cast
     temp = Xil_In32(CAM_AXI+REGISTER_1_OFFSET);
                     ^
In file included from ../../ZedCameraController_bsp/ps7_cortexa9_0/include/xgpiops_hw.h:67:0,
                 from ../../ZedCameraController_bsp/ps7_cortexa9_0/include/xgpiops.h:114,
                 from ../src/helloworld.c:51:
../../ZedCameraController_bsp/ps7_cortexa9_0/include/xil_io.h:227:5: note: expected 'UINTPTR' but argument is of type 'Xuint32 *'
 u32 Xil_In32(UINTPTR Addr);
     ^
../src/helloworld.c:82:18: warning: passing argument 1 of 'Xil_In32' makes integer from pointer without a cast
  temp = Xil_In32(CAM_AXI+REGISTER_0_OFFSET);
                  ^
In file included from ../../ZedCameraController_bsp/ps7_cortexa9_0/include/xgpiops_hw.h:67:0,
                 from ../../ZedCameraController_bsp/ps7_cortexa9_0/include/xgpiops.h:114,
                 from ../src/helloworld.c:51:
../../ZedCameraController_bsp/ps7_cortexa9_0/include/xil_io.h:227:5: note: expected 'UINTPTR' but argument is of type 'Xuint32 *'
 u32 Xil_In32(UINTPTR Addr);
     ^
../src/helloworld.c:84:18: warning: passing argument 1 of 'Xil_In32' makes integer from pointer without a cast
  temp = Xil_In32(CAM_AXI+REGISTER_1_OFFSET);
                  ^
In file included from ../../ZedCameraController_bsp/ps7_cortexa9_0/include/xgpiops_hw.h:67:0,
                 from ../../ZedCameraController_bsp/ps7_cortexa9_0/include/xgpiops.h:114,
                 from ../src/helloworld.c:51:
../../ZedCameraController_bsp/ps7_cortexa9_0/include/xil_io.h:227:5: note: expected 'UINTPTR' but argument is of type 'Xuint32 *'
 u32 Xil_In32(UINTPTR Addr);
     ^
../src/helloworld.c:88:19: warning: passing argument 1 of 'Xil_In32' makes integer from pointer without a cast
   temp = Xil_In32(CAM_AXI+REGISTER_1_OFFSET);
                   ^
In file included from ../../ZedCameraController_bsp/ps7_cortexa9_0/include/xgpiops_hw.h:67:0,
                 from ../../ZedCameraController_bsp/ps7_cortexa9_0/include/xgpiops.h:114,
                 from ../src/helloworld.c:51:
../../ZedCameraController_bsp/ps7_cortexa9_0/include/xil_io.h:227:5: note: expected 'UINTPTR' but argument is of type 'Xuint32 *'
 u32 Xil_In32(UINTPTR Addr);
     ^
'Finished building: ../src/helloworld.c'
' '
'Building target: ZedCameraController.elf'
'Invoking: ARM v7 gcc linker'
arm-none-eabi-gcc -mcpu=cortex-a9 -mfpu=vfpv3 -mfloat-abi=hard -Wl,-build-id=none -specs=Xilinx.spec -Wl,-T -Wl,../src/lscript.ld -L../../ZedCameraController_bsp/ps7_cortexa9_0/lib -o "ZedCameraController.elf"  ./src/helloworld.o ./src/platform.o   -Wl,--start-group,-lxil,-lgcc,-lc,--end-group
'Finished building target: ZedCameraController.elf'
' '
'Invoking: ARM v7 Print Size'
arm-none-eabi-size ZedCameraController.elf  |tee "ZedCameraController.elf.size"
   text	   data	    bss	    dec	    hex	filename
  25580	   1160	  22580	  49320	   c0a8	ZedCameraController.elf
'Finished building: ZedCameraController.elf.size'
' '
19:20:55 **** Incremental Build of configuration Debug for project ZedCameraController ****
make pre-build main-build 
a9-linaro-pre-build-step
' '
make: Nothing to be done for `main-build'.
19:21:02 **** Incremental Build of configuration Debug for project ZedCameraController ****
make pre-build main-build 
a9-linaro-pre-build-step
' '
make: Nothing to be done for `main-build'.
19:22:41 **** Auto Build of configuration Debug for project ZedCameraController ****
make pre-build main-build 
a9-linaro-pre-build-step
' '
'Building file: ../src/helloworld.c'
'Invoking: ARM v7 gcc compiler'
arm-none-eabi-gcc -Wall -O0 -g3 -c -fmessage-length=0 -MT"src/helloworld.o" -mcpu=cortex-a9 -mfpu=vfpv3 -mfloat-abi=hard -I../../ZedCameraController_bsp/ps7_cortexa9_0/include -MMD -MP -MF"src/helloworld.d" -MT"src/helloworld.o" -o "src/helloworld.o" "../src/helloworld.c"
In file included from ../src/helloworld.c:54:0:
../../ZedCameraController_bsp/ps7_cortexa9_0/include/xbasic_types.h:115:2: warning: #warning The xbasics_type.h file is deprecated and users should use xil_types.h and xil_assert. [-Wcpp]
 #warning  The xbasics_type.h file is deprecated and users should use xil_types.h and xil_assert.
  ^
../../ZedCameraController_bsp/ps7_cortexa9_0/include/xbasic_types.h:116:2: warning: #warning Please refer the Standalone BSP UG647 for further details [-Wcpp]
 #warning  Please refer the Standalone BSP UG647 for further details
  ^
../src/helloworld.c: In function 'main':
../src/helloworld.c:70:21: warning: passing argument 1 of 'Xil_In32' makes integer from pointer without a cast
     temp = Xil_In32(CAM_AXI+REGISTER_0_OFFSET);
                     ^
In file included from ../../ZedCameraController_bsp/ps7_cortexa9_0/include/xgpiops_hw.h:67:0,
                 from ../../ZedCameraController_bsp/ps7_cortexa9_0/include/xgpiops.h:114,
                 from ../src/helloworld.c:51:
../../ZedCameraController_bsp/ps7_cortexa9_0/include/xil_io.h:227:5: note: expected 'UINTPTR' but argument is of type 'Xuint32 *'
 u32 Xil_In32(UINTPTR Addr);
     ^
../src/helloworld.c:72:21: warning: passing argument 1 of 'Xil_In32' makes integer from pointer without a cast
     temp = Xil_In32(CAM_AXI+REGISTER_1_OFFSET);
                     ^
In file included from ../../ZedCameraController_bsp/ps7_cortexa9_0/include/xgpiops_hw.h:67:0,
                 from ../../ZedCameraController_bsp/ps7_cortexa9_0/include/xgpiops.h:114,
                 from ../src/helloworld.c:51:
../../ZedCameraController_bsp/ps7_cortexa9_0/include/xil_io.h:227:5: note: expected 'UINTPTR' but argument is of type 'Xuint32 *'
 u32 Xil_In32(UINTPTR Addr);
     ^
../src/helloworld.c:82:18: warning: passing argument 1 of 'Xil_In32' makes integer from pointer without a cast
  temp = Xil_In32(CAM_AXI+REGISTER_0_OFFSET);
                  ^
In file included from ../../ZedCameraController_bsp/ps7_cortexa9_0/include/xgpiops_hw.h:67:0,
                 from ../../ZedCameraController_bsp/ps7_cortexa9_0/include/xgpiops.h:114,
                 from ../src/helloworld.c:51:
../../ZedCameraController_bsp/ps7_cortexa9_0/include/xil_io.h:227:5: note: expected 'UINTPTR' but argument is of type 'Xuint32 *'
 u32 Xil_In32(UINTPTR Addr);
     ^
../src/helloworld.c:84:18: warning: passing argument 1 of 'Xil_In32' makes integer from pointer without a cast
  temp = Xil_In32(CAM_AXI+REGISTER_1_OFFSET);
                  ^
In file included from ../../ZedCameraController_bsp/ps7_cortexa9_0/include/xgpiops_hw.h:67:0,
                 from ../../ZedCameraController_bsp/ps7_cortexa9_0/include/xgpiops.h:114,
                 from ../src/helloworld.c:51:
../../ZedCameraController_bsp/ps7_cortexa9_0/include/xil_io.h:227:5: note: expected 'UINTPTR' but argument is of type 'Xuint32 *'
 u32 Xil_In32(UINTPTR Addr);
     ^
../src/helloworld.c:88:19: warning: passing argument 1 of 'Xil_In32' makes integer from pointer without a cast
   temp = Xil_In32(CAM_AXI+REGISTER_1_OFFSET);
                   ^
In file included from ../../ZedCameraController_bsp/ps7_cortexa9_0/include/xgpiops_hw.h:67:0,
                 from ../../ZedCameraController_bsp/ps7_cortexa9_0/include/xgpiops.h:114,
                 from ../src/helloworld.c:51:
../../ZedCameraController_bsp/ps7_cortexa9_0/include/xil_io.h:227:5: note: expected 'UINTPTR' but argument is of type 'Xuint32 *'
 u32 Xil_In32(UINTPTR Addr);
     ^
'Finished building: ../src/helloworld.c'
' '
'Building target: ZedCameraController.elf'
'Invoking: ARM v7 gcc linker'
arm-none-eabi-gcc -mcpu=cortex-a9 -mfpu=vfpv3 -mfloat-abi=hard -Wl,-build-id=none -specs=Xilinx.spec -Wl,-T -Wl,../src/lscript.ld -L../../ZedCameraController_bsp/ps7_cortexa9_0/lib -o "ZedCameraController.elf"  ./src/helloworld.o ./src/platform.o   -Wl,--start-group,-lxil,-lgcc,-lc,--end-group
'Finished building target: ZedCameraController.elf'
' '
'Invoking: ARM v7 Print Size'
arm-none-eabi-size ZedCameraController.elf  |tee "ZedCameraController.elf.size"
   text	   data	    bss	    dec	    hex	filename
  25580	   1160	  22580	  49320	   c0a8	ZedCameraController.elf
'Finished building: ZedCameraController.elf.size'
' '
19:23:54 **** Auto Build of configuration Debug for project ZedCameraController ****
make pre-build main-build 
a9-linaro-pre-build-step
' '
'Building file: ../src/helloworld.c'
'Invoking: ARM v7 gcc compiler'
arm-none-eabi-gcc -Wall -O0 -g3 -c -fmessage-length=0 -MT"src/helloworld.o" -mcpu=cortex-a9 -mfpu=vfpv3 -mfloat-abi=hard -I../../ZedCameraController_bsp/ps7_cortexa9_0/include -MMD -MP -MF"src/helloworld.d" -MT"src/helloworld.o" -o "src/helloworld.o" "../src/helloworld.c"
../src/helloworld.c:60:1: error: unknown type name 'Xuint32'
 Xuint32 *CAM_AXI = (Xuint32 *)XPAR_ZEDCAMAXI_0_S_AXI_BASEADDR;
 ^
../src/helloworld.c:60:21: error: 'Xuint32' undeclared here (not in a function)
 Xuint32 *CAM_AXI = (Xuint32 *)XPAR_ZEDCAMAXI_0_S_AXI_BASEADDR;
                     ^
../src/helloworld.c:60:30: error: expected expression before ')' token
 Xuint32 *CAM_AXI = (Xuint32 *)XPAR_ZEDCAMAXI_0_S_AXI_BASEADDR;
                              ^
../src/helloworld.c:61:1: error: unknown type name 'Xuint32'
 Xuint32 regVal;
 ^
../src/helloworld.c: In function 'main':
../src/helloworld.c:70:21: warning: passing argument 1 of 'Xil_In32' makes integer from pointer without a cast
     temp = Xil_In32(CAM_AXI+REGISTER_0_OFFSET);
                     ^
In file included from ../../ZedCameraController_bsp/ps7_cortexa9_0/include/xgpiops_hw.h:67:0,
                 from ../../ZedCameraController_bsp/ps7_cortexa9_0/include/xgpiops.h:114,
                 from ../src/helloworld.c:51:
../../ZedCameraController_bsp/ps7_cortexa9_0/include/xil_io.h:227:5: note: expected 'UINTPTR' but argument is of type 'int *'
 u32 Xil_In32(UINTPTR Addr);
     ^
../src/helloworld.c:72:21: warning: passing argument 1 of 'Xil_In32' makes integer from pointer without a cast
     temp = Xil_In32(CAM_AXI+REGISTER_1_OFFSET);
                     ^
In file included from ../../ZedCameraController_bsp/ps7_cortexa9_0/include/xgpiops_hw.h:67:0,
                 from ../../ZedCameraController_bsp/ps7_cortexa9_0/include/xgpiops.h:114,
                 from ../src/helloworld.c:51:
../../ZedCameraController_bsp/ps7_cortexa9_0/include/xil_io.h:227:5: note: expected 'UINTPTR' but argument is of type 'int *'
 u32 Xil_In32(UINTPTR Addr);
     ^
../src/helloworld.c:82:18: warning: passing argument 1 of 'Xil_In32' makes integer from pointer without a cast
  temp = Xil_In32(CAM_AXI+REGISTER_0_OFFSET);
                  ^
In file included from ../../ZedCameraController_bsp/ps7_cortexa9_0/include/xgpiops_hw.h:67:0,
                 from ../../ZedCameraController_bsp/ps7_cortexa9_0/include/xgpiops.h:114,
                 from ../src/helloworld.c:51:
../../ZedCameraController_bsp/ps7_cortexa9_0/include/xil_io.h:227:5: note: expected 'UINTPTR' but argument is of type 'int *'
 u32 Xil_In32(UINTPTR Addr);
     ^
../src/helloworld.c:84:18: warning: passing argument 1 of 'Xil_In32' makes integer from pointer without a cast
  temp = Xil_In32(CAM_AXI+REGISTER_1_OFFSET);
                  ^
In file included from ../../ZedCameraController_bsp/ps7_cortexa9_0/include/xgpiops_hw.h:67:0,
                 from ../../ZedCameraController_bsp/ps7_cortexa9_0/include/xgpiops.h:114,
                 from ../src/helloworld.c:51:
../../ZedCameraController_bsp/ps7_cortexa9_0/include/xil_io.h:227:5: note: expected 'UINTPTR' but argument is of type 'int *'
 u32 Xil_In32(UINTPTR Addr);
     ^
../src/helloworld.c:88:19: warning: passing argument 1 of 'Xil_In32' makes integer from pointer without a cast
   temp = Xil_In32(CAM_AXI+REGISTER_1_OFFSET);
                   ^
In file included from ../../ZedCameraController_bsp/ps7_cortexa9_0/include/xgpiops_hw.h:67:0,
                 from ../../ZedCameraController_bsp/ps7_cortexa9_0/include/xgpiops.h:114,
                 from ../src/helloworld.c:51:
../../ZedCameraController_bsp/ps7_cortexa9_0/include/xil_io.h:227:5: note: expected 'UINTPTR' but argument is of type 'int *'
 u32 Xil_In32(UINTPTR Addr);
     ^
make: *** [src/helloworld.o] Error 1
19:24:07 **** Auto Build of configuration Debug for project ZedCameraController ****
make pre-build main-build 
a9-linaro-pre-build-step
' '
'Building file: ../src/helloworld.c'
'Invoking: ARM v7 gcc compiler'
arm-none-eabi-gcc -Wall -O0 -g3 -c -fmessage-length=0 -MT"src/helloworld.o" -mcpu=cortex-a9 -mfpu=vfpv3 -mfloat-abi=hard -I../../ZedCameraController_bsp/ps7_cortexa9_0/include -MMD -MP -MF"src/helloworld.d" -MT"src/helloworld.o" -o "src/helloworld.o" "../src/helloworld.c"
In file included from ../src/helloworld.c:54:0:
../../ZedCameraController_bsp/ps7_cortexa9_0/include/xbasic_types.h:115:2: warning: #warning The xbasics_type.h file is deprecated and users should use xil_types.h and xil_assert. [-Wcpp]
 #warning  The xbasics_type.h file is deprecated and users should use xil_types.h and xil_assert.
  ^
../../ZedCameraController_bsp/ps7_cortexa9_0/include/xbasic_types.h:116:2: warning: #warning Please refer the Standalone BSP UG647 for further details [-Wcpp]
 #warning  Please refer the Standalone BSP UG647 for further details
  ^
../src/helloworld.c: In function 'main':
../src/helloworld.c:70:21: warning: passing argument 1 of 'Xil_In32' makes integer from pointer without a cast
     temp = Xil_In32(CAM_AXI+REGISTER_0_OFFSET);
                     ^
In file included from ../../ZedCameraController_bsp/ps7_cortexa9_0/include/xgpiops_hw.h:67:0,
                 from ../../ZedCameraController_bsp/ps7_cortexa9_0/include/xgpiops.h:114,
                 from ../src/helloworld.c:51:
../../ZedCameraController_bsp/ps7_cortexa9_0/include/xil_io.h:227:5: note: expected 'UINTPTR' but argument is of type 'Xuint32 *'
 u32 Xil_In32(UINTPTR Addr);
     ^
../src/helloworld.c:72:21: warning: passing argument 1 of 'Xil_In32' makes integer from pointer without a cast
     temp = Xil_In32(CAM_AXI+REGISTER_1_OFFSET);
                     ^
In file included from ../../ZedCameraController_bsp/ps7_cortexa9_0/include/xgpiops_hw.h:67:0,
                 from ../../ZedCameraController_bsp/ps7_cortexa9_0/include/xgpiops.h:114,
                 from ../src/helloworld.c:51:
../../ZedCameraController_bsp/ps7_cortexa9_0/include/xil_io.h:227:5: note: expected 'UINTPTR' but argument is of type 'Xuint32 *'
 u32 Xil_In32(UINTPTR Addr);
     ^
../src/helloworld.c:82:18: warning: passing argument 1 of 'Xil_In32' makes integer from pointer without a cast
  temp = Xil_In32(CAM_AXI+REGISTER_0_OFFSET);
                  ^
In file included from ../../ZedCameraController_bsp/ps7_cortexa9_0/include/xgpiops_hw.h:67:0,
                 from ../../ZedCameraController_bsp/ps7_cortexa9_0/include/xgpiops.h:114,
                 from ../src/helloworld.c:51:
../../ZedCameraController_bsp/ps7_cortexa9_0/include/xil_io.h:227:5: note: expected 'UINTPTR' but argument is of type 'Xuint32 *'
 u32 Xil_In32(UINTPTR Addr);
     ^
../src/helloworld.c:84:18: warning: passing argument 1 of 'Xil_In32' makes integer from pointer without a cast
  temp = Xil_In32(CAM_AXI+REGISTER_1_OFFSET);
                  ^
In file included from ../../ZedCameraController_bsp/ps7_cortexa9_0/include/xgpiops_hw.h:67:0,
                 from ../../ZedCameraController_bsp/ps7_cortexa9_0/include/xgpiops.h:114,
                 from ../src/helloworld.c:51:
../../ZedCameraController_bsp/ps7_cortexa9_0/include/xil_io.h:227:5: note: expected 'UINTPTR' but argument is of type 'Xuint32 *'
 u32 Xil_In32(UINTPTR Addr);
     ^
../src/helloworld.c:88:19: warning: passing argument 1 of 'Xil_In32' makes integer from pointer without a cast
   temp = Xil_In32(CAM_AXI+REGISTER_1_OFFSET);
                   ^
In file included from ../../ZedCameraController_bsp/ps7_cortexa9_0/include/xgpiops_hw.h:67:0,
                 from ../../ZedCameraController_bsp/ps7_cortexa9_0/include/xgpiops.h:114,
                 from ../src/helloworld.c:51:
../../ZedCameraController_bsp/ps7_cortexa9_0/include/xil_io.h:227:5: note: expected 'UINTPTR' but argument is of type 'Xuint32 *'
 u32 Xil_In32(UINTPTR Addr);
     ^
'Finished building: ../src/helloworld.c'
' '
'Building target: ZedCameraController.elf'
'Invoking: ARM v7 gcc linker'
arm-none-eabi-gcc -mcpu=cortex-a9 -mfpu=vfpv3 -mfloat-abi=hard -Wl,-build-id=none -specs=Xilinx.spec -Wl,-T -Wl,../src/lscript.ld -L../../ZedCameraController_bsp/ps7_cortexa9_0/lib -o "ZedCameraController.elf"  ./src/helloworld.o ./src/platform.o   -Wl,--start-group,-lxil,-lgcc,-lc,--end-group
'Finished building target: ZedCameraController.elf'
' '
'Invoking: ARM v7 Print Size'
arm-none-eabi-size ZedCameraController.elf  |tee "ZedCameraController.elf.size"
   text	   data	    bss	    dec	    hex	filename
  25580	   1160	  22580	  49320	   c0a8	ZedCameraController.elf
'Finished building: ZedCameraController.elf.size'
' '
19:26:15 **** Auto Build of configuration Debug for project ZedCameraController ****
make pre-build main-build 
a9-linaro-pre-build-step
' '
'Building file: ../src/helloworld.c'
'Invoking: ARM v7 gcc compiler'
arm-none-eabi-gcc -Wall -O0 -g3 -c -fmessage-length=0 -MT"src/helloworld.o" -mcpu=cortex-a9 -mfpu=vfpv3 -mfloat-abi=hard -I../../ZedCameraController_bsp/ps7_cortexa9_0/include -MMD -MP -MF"src/helloworld.d" -MT"src/helloworld.o" -o "src/helloworld.o" "../src/helloworld.c"
In file included from ../src/helloworld.c:54:0:
../../ZedCameraController_bsp/ps7_cortexa9_0/include/xbasic_types.h:115:2: warning: #warning The xbasics_type.h file is deprecated and users should use xil_types.h and xil_assert. [-Wcpp]
 #warning  The xbasics_type.h file is deprecated and users should use xil_types.h and xil_assert.
  ^
../../ZedCameraController_bsp/ps7_cortexa9_0/include/xbasic_types.h:116:2: warning: #warning Please refer the Standalone BSP UG647 for further details [-Wcpp]
 #warning  Please refer the Standalone BSP UG647 for further details
  ^
../src/helloworld.c: In function 'main':
../src/helloworld.c:70:21: warning: passing argument 1 of 'Xil_In32' makes integer from pointer without a cast
     temp = Xil_In32(CAM_AXI0);
                     ^
In file included from ../../ZedCameraController_bsp/ps7_cortexa9_0/include/xgpiops_hw.h:67:0,
                 from ../../ZedCameraController_bsp/ps7_cortexa9_0/include/xgpiops.h:114,
                 from ../src/helloworld.c:51:
../../ZedCameraController_bsp/ps7_cortexa9_0/include/xil_io.h:227:5: note: expected 'UINTPTR' but argument is of type 'Xuint32 *'
 u32 Xil_In32(UINTPTR Addr);
     ^
../src/helloworld.c:72:21: error: 'CAM_AXI' undeclared (first use in this function)
     temp = Xil_In32(CAM_AXI+REGISTER_1_OFFSET);
                     ^
../src/helloworld.c:72:21: note: each undeclared identifier is reported only once for each function it appears in
../src/helloworld.c:82:18: warning: passing argument 1 of 'Xil_In32' makes integer from pointer without a cast
  temp = Xil_In32(CAM_AXI0);
                  ^
In file included from ../../ZedCameraController_bsp/ps7_cortexa9_0/include/xgpiops_hw.h:67:0,
                 from ../../ZedCameraController_bsp/ps7_cortexa9_0/include/xgpiops.h:114,
                 from ../src/helloworld.c:51:
../../ZedCameraController_bsp/ps7_cortexa9_0/include/xil_io.h:227:5: note: expected 'UINTPTR' but argument is of type 'Xuint32 *'
 u32 Xil_In32(UINTPTR Addr);
     ^
make: *** [src/helloworld.o] Error 1
19:26:42 **** Auto Build of configuration Debug for project ZedCameraController ****
make pre-build main-build 
a9-linaro-pre-build-step
' '
'Building file: ../src/helloworld.c'
'Invoking: ARM v7 gcc compiler'
arm-none-eabi-gcc -Wall -O0 -g3 -c -fmessage-length=0 -MT"src/helloworld.o" -mcpu=cortex-a9 -mfpu=vfpv3 -mfloat-abi=hard -I../../ZedCameraController_bsp/ps7_cortexa9_0/include -MMD -MP -MF"src/helloworld.d" -MT"src/helloworld.o" -o "src/helloworld.o" "../src/helloworld.c"
In file included from ../src/helloworld.c:54:0:
../../ZedCameraController_bsp/ps7_cortexa9_0/include/xbasic_types.h:115:2: warning: #warning The xbasics_type.h file is deprecated and users should use xil_types.h and xil_assert. [-Wcpp]
 #warning  The xbasics_type.h file is deprecated and users should use xil_types.h and xil_assert.
  ^
../../ZedCameraController_bsp/ps7_cortexa9_0/include/xbasic_types.h:116:2: warning: #warning Please refer the Standalone BSP UG647 for further details [-Wcpp]
 #warning  Please refer the Standalone BSP UG647 for further details
  ^
../src/helloworld.c: In function 'main':
../src/helloworld.c:71:21: warning: passing argument 1 of 'Xil_In32' makes integer from pointer without a cast
     temp = Xil_In32(CAM_AXI0);
                     ^
In file included from ../../ZedCameraController_bsp/ps7_cortexa9_0/include/xgpiops_hw.h:67:0,
                 from ../../ZedCameraController_bsp/ps7_cortexa9_0/include/xgpiops.h:114,
                 from ../src/helloworld.c:51:
../../ZedCameraController_bsp/ps7_cortexa9_0/include/xil_io.h:227:5: note: expected 'UINTPTR' but argument is of type 'Xuint32 *'
 u32 Xil_In32(UINTPTR Addr);
     ^
../src/helloworld.c:73:21: error: 'CAM_AXI' undeclared (first use in this function)
     temp = Xil_In32(CAM_AXI+REGISTER_1_OFFSET);
                     ^
../src/helloworld.c:73:21: note: each undeclared identifier is reported only once for each function it appears in
../src/helloworld.c:83:18: warning: passing argument 1 of 'Xil_In32' makes integer from pointer without a cast
  temp = Xil_In32(CAM_AXI0);
                  ^
In file included from ../../ZedCameraController_bsp/ps7_cortexa9_0/include/xgpiops_hw.h:67:0,
                 from ../../ZedCameraController_bsp/ps7_cortexa9_0/include/xgpiops.h:114,
                 from ../src/helloworld.c:51:
../../ZedCameraController_bsp/ps7_cortexa9_0/include/xil_io.h:227:5: note: expected 'UINTPTR' but argument is of type 'Xuint32 *'
 u32 Xil_In32(UINTPTR Addr);
     ^
make: *** [src/helloworld.o] Error 1
19:26:52 **** Auto Build of configuration Debug for project ZedCameraController ****
make pre-build main-build 
a9-linaro-pre-build-step
' '
'Building file: ../src/helloworld.c'
'Invoking: ARM v7 gcc compiler'
arm-none-eabi-gcc -Wall -O0 -g3 -c -fmessage-length=0 -MT"src/helloworld.o" -mcpu=cortex-a9 -mfpu=vfpv3 -mfloat-abi=hard -I../../ZedCameraController_bsp/ps7_cortexa9_0/include -MMD -MP -MF"src/helloworld.d" -MT"src/helloworld.o" -o "src/helloworld.o" "../src/helloworld.c"
In file included from ../src/helloworld.c:54:0:
../../ZedCameraController_bsp/ps7_cortexa9_0/include/xbasic_types.h:115:2: warning: #warning The xbasics_type.h file is deprecated and users should use xil_types.h and xil_assert. [-Wcpp]
 #warning  The xbasics_type.h file is deprecated and users should use xil_types.h and xil_assert.
  ^
../../ZedCameraController_bsp/ps7_cortexa9_0/include/xbasic_types.h:116:2: warning: #warning Please refer the Standalone BSP UG647 for further details [-Wcpp]
 #warning  Please refer the Standalone BSP UG647 for further details
  ^
../src/helloworld.c: In function 'main':
../src/helloworld.c:71:21: warning: passing argument 1 of 'Xil_In32' makes integer from pointer without a cast
     temp = Xil_In32(CAM_AXI0);
                     ^
In file included from ../../ZedCameraController_bsp/ps7_cortexa9_0/include/xgpiops_hw.h:67:0,
                 from ../../ZedCameraController_bsp/ps7_cortexa9_0/include/xgpiops.h:114,
                 from ../src/helloworld.c:51:
../../ZedCameraController_bsp/ps7_cortexa9_0/include/xil_io.h:227:5: note: expected 'UINTPTR' but argument is of type 'Xuint32 *'
 u32 Xil_In32(UINTPTR Addr);
     ^
../src/helloworld.c:73:21: warning: passing argument 1 of 'Xil_In32' makes integer from pointer without a cast
     temp = Xil_In32(CAM_AXI1);
                     ^
In file included from ../../ZedCameraController_bsp/ps7_cortexa9_0/include/xgpiops_hw.h:67:0,
                 from ../../ZedCameraController_bsp/ps7_cortexa9_0/include/xgpiops.h:114,
                 from ../src/helloworld.c:51:
../../ZedCameraController_bsp/ps7_cortexa9_0/include/xil_io.h:227:5: note: expected 'UINTPTR' but argument is of type 'Xuint32 *'
 u32 Xil_In32(UINTPTR Addr);
     ^
../src/helloworld.c:83:18: warning: passing argument 1 of 'Xil_In32' makes integer from pointer without a cast
  temp = Xil_In32(CAM_AXI0);
                  ^
In file included from ../../ZedCameraController_bsp/ps7_cortexa9_0/include/xgpiops_hw.h:67:0,
                 from ../../ZedCameraController_bsp/ps7_cortexa9_0/include/xgpiops.h:114,
                 from ../src/helloworld.c:51:
../../ZedCameraController_bsp/ps7_cortexa9_0/include/xil_io.h:227:5: note: expected 'UINTPTR' but argument is of type 'Xuint32 *'
 u32 Xil_In32(UINTPTR Addr);
     ^
../src/helloworld.c:85:18: warning: passing argument 1 of 'Xil_In32' makes integer from pointer without a cast
  temp = Xil_In32(CAM_AXI1);
                  ^
In file included from ../../ZedCameraController_bsp/ps7_cortexa9_0/include/xgpiops_hw.h:67:0,
                 from ../../ZedCameraController_bsp/ps7_cortexa9_0/include/xgpiops.h:114,
                 from ../src/helloworld.c:51:
../../ZedCameraController_bsp/ps7_cortexa9_0/include/xil_io.h:227:5: note: expected 'UINTPTR' but argument is of type 'Xuint32 *'
 u32 Xil_In32(UINTPTR Addr);
     ^
../src/helloworld.c:89:19: warning: passing argument 1 of 'Xil_In32' makes integer from pointer without a cast
   temp = Xil_In32(CAM_AXI1);
                   ^
In file included from ../../ZedCameraController_bsp/ps7_cortexa9_0/include/xgpiops_hw.h:67:0,
                 from ../../ZedCameraController_bsp/ps7_cortexa9_0/include/xgpiops.h:114,
                 from ../src/helloworld.c:51:
../../ZedCameraController_bsp/ps7_cortexa9_0/include/xil_io.h:227:5: note: expected 'UINTPTR' but argument is of type 'Xuint32 *'
 u32 Xil_In32(UINTPTR Addr);
     ^
'Finished building: ../src/helloworld.c'
' '
'Building target: ZedCameraController.elf'
'Invoking: ARM v7 gcc linker'
arm-none-eabi-gcc -mcpu=cortex-a9 -mfpu=vfpv3 -mfloat-abi=hard -Wl,-build-id=none -specs=Xilinx.spec -Wl,-T -Wl,../src/lscript.ld -L../../ZedCameraController_bsp/ps7_cortexa9_0/lib -o "ZedCameraController.elf"  ./src/helloworld.o ./src/platform.o   -Wl,--start-group,-lxil,-lgcc,-lc,--end-group
'Finished building target: ZedCameraController.elf'
' '
'Invoking: ARM v7 Print Size'
arm-none-eabi-size ZedCameraController.elf  |tee "ZedCameraController.elf.size"
   text	   data	    bss	    dec	    hex	filename
  25580	   1160	  22580	  49320	   c0a8	ZedCameraController.elf
'Finished building: ZedCameraController.elf.size'
' '
19:28:16 **** Incremental Build of configuration Debug for project ZedCameraController ****
make pre-build main-build 
a9-linaro-pre-build-step
' '
make: Nothing to be done for `main-build'.
19:30:32 **** Incremental Build of configuration Debug for project ZedCameraController ****
make pre-build main-build 
a9-linaro-pre-build-step
' '
make: Nothing to be done for `main-build'.
19:33:35 **** Incremental Build of configuration Debug for project ZedCameraController ****
make pre-build main-build 
a9-linaro-pre-build-step
' '
make: Nothing to be done for `main-build'.
19:34:46 **** Incremental Build of configuration Debug for project ZedCameraController ****
make pre-build main-build 
a9-linaro-pre-build-step
' '
make: Nothing to be done for `main-build'.
19:36:09 **** Incremental Build of configuration Debug for project ZedCameraController ****
make pre-build main-build 
a9-linaro-pre-build-step
' '
make: Nothing to be done for `main-build'.
19:37:02 **** Incremental Build of configuration Debug for project ZedCameraController ****
make pre-build main-build 
a9-linaro-pre-build-step
' '
make: Nothing to be done for `main-build'.
19:37:28 **** Incremental Build of configuration Debug for project ZedCameraController ****
make pre-build main-build 
a9-linaro-pre-build-step
' '
make: Nothing to be done for `main-build'.
19:38:29 **** Incremental Build of configuration Debug for project ZedCameraController ****
make pre-build main-build 
a9-linaro-pre-build-step
' '
make: Nothing to be done for `main-build'.
19:38:40 **** Incremental Build of configuration Debug for project ZedCameraController ****
make pre-build main-build 
a9-linaro-pre-build-step
' '
make: Nothing to be done for `main-build'.
19:39:59 **** Incremental Build of configuration Debug for project ZedCameraController ****
make pre-build main-build 
a9-linaro-pre-build-step
' '
make: Nothing to be done for `main-build'.
19:40:49 **** Incremental Build of configuration Debug for project ZedCameraController ****
make pre-build main-build 
a9-linaro-pre-build-step
' '
make: Nothing to be done for `main-build'.
